 COLLECTIONSERVER

 Timestamp is 4c45fc25 (Tue Jul 20 21:42:29 2010)

 Preferred load address is 00400000

 Start         Length     Name                   Class
 0001:00000000 0003346aH .text                   CODE
 0001:0003346a 00000cd1H .text$AFX_AUX           CODE
 0001:0003413b 000001c9H .text$AFX_CMNCTL        CODE
 0001:00034304 00000a7aH .text$AFX_COL1          CODE
 0001:00034d7e 000002e2H .text$AFX_COL2          CODE
 0001:00035060 0000a6f1H .text$AFX_CORE1         CODE
 0001:0003f751 000034e2H .text$AFX_CORE2         CODE
 0001:00042c33 000022caH .text$AFX_CORE3         CODE
 0001:00044efd 0000073cH .text$AFX_CORE4         CODE
 0001:00045639 00003da3H .text$AFX_INIT          CODE
 0001:000493dc 00001462H .text$AFX_OLE1          CODE
 0001:0004a83e 000000ecH .text$AFX_TERM          CODE
 0001:0004a930 000018f7H .text$x                 CODE
 0001:0004c230 000002d8H .text$yc                CODE
 0001:0004c510 00000048H .text$yd                CODE
 0002:00000000 000008b0H .idata$5                DATA
 0002:000008b0 00007c58H .rdata                  DATA
 0002:00008508 00000061H .rdata$debug            DATA
 0002:0000856c 0000132cH .rdata$r                DATA
 0002:000098a0 000003b8H .rdata$sxdata           DATA
 0002:00009c58 00000004H .rtc$IAA                DATA
 0002:00009c5c 00000004H .rtc$IZZ                DATA
 0002:00009c60 00000004H .rtc$TAA                DATA
 0002:00009c64 00000004H .rtc$TZZ                DATA
 0002:00009c68 00002d24H .xdata$x                DATA
 0002:0000c98c 00000004H ATL$__a                 DATA
 0002:0000c990 00000004H ATL$__z                 DATA
 0002:0000c994 00000140H .idata$2                DATA
 0002:0000cad4 00000014H .idata$3                DATA
 0002:0000cae8 000008b0H .idata$4                DATA
 0002:0000d398 0000205cH .idata$6                DATA
 0002:0000f3f4 00000000H .edata                  DATA
 0003:00000000 00000004H .CRT$XCA                DATA
 0003:00000004 00000004H .CRT$XCAA               DATA
 0003:00000008 0000000cH .CRT$XCC                DATA
 0003:00000014 00000008H .CRT$XCL                DATA
 0003:0000001c 00000058H .CRT$XCU                DATA
 0003:00000074 00000004H .CRT$XCZ                DATA
 0003:00000078 00000004H .CRT$XIA                DATA
 0003:0000007c 0000000cH .CRT$XIC                DATA
 0003:00000088 00000004H .CRT$XIY                DATA
 0003:0000008c 00000004H .CRT$XIZ                DATA
 0003:00000090 00000004H .CRT$XPA                DATA
 0003:00000094 00000004H .CRT$XPX                DATA
 0003:00000098 00000004H .CRT$XPZ                DATA
 0003:0000009c 00000004H .CRT$XTA                DATA
 0003:000000a0 00000004H .CRT$XTB                DATA
 0003:000000a4 00000004H .CRT$XTZ                DATA
 0003:000000b0 000035bcH .data                   DATA
 0003:00003680 0000d3a4H .bss                    DATA
 0004:00000000 000001a8H .rsrc$01                DATA
 0004:000001b0 00000600H .rsrc$02                DATA

  Address         Publics by Value              Rva+Base     Lib:Object

 0000:00000000       __except_list              00000000     <absolute>
 0000:000000ee       ___safe_se_handler_count   000000ee     <absolute>
 0000:00000000       ___ImageBase               00400000     <linker-defined>
 0001:00000000       ?InterlockedExchangePointer@@YGPAXPAPAXPAX@Z 00401000 f i COLLECTIONSERVER.obj
 0001:00000010       ?_AtlGetThreadACPFake@ATL@@YGIXZ 00401010 f i COLLECTIONSERVER.obj
 0001:00000070       ?_AtlGetThreadACPReal@ATL@@YGIXZ 00401070 f i COLLECTIONSERVER.obj
 0001:00000080       ?_AtlGetThreadACPThunk@ATL@@YGIXZ 00401080 f i COLLECTIONSERVER.obj
 0001:000000d0       ?_AtlGetConversionACP@ATL@@YGIXZ 004010d0 f i COLLECTIONSERVER.obj
 0001:000000e0       ?StartServer@CDPMng@@QAEHGHK@Z 004010e0 f i COLLECTIONSERVER.obj
 0001:00000130       ?Initialize@CMyTrace@@QAEXPAUHWND__@@PBDKK@Z 00401130 f i COLLECTIONSERVER.obj
 0001:00000180       ?InitLanguageFromResource@@YAXPAUHINSTANCE__@@@Z 00401180 f   COLLECTIONSERVER.obj
 0001:000001f0       ?AtlThrow@ATL@@YGXJ@Z      004011f0 f i COLLECTIONSERVER.obj
 0001:00000210       ?ExitInstance@@YAXXZ       00401210 f   COLLECTIONSERVER.obj
 0001:00000230       ?WndProc@@YGJPAUHWND__@@IIJ@Z 00401230 f   COLLECTIONSERVER.obj
 0001:00000320       ?_AtlGetStringResourceImage@ATL@@YAPBUATLSTRINGRESOURCEIMAGE@1@PAUHINSTANCE__@@PAUHRSRC__@@I@Z 00401320 f i COLLECTIONSERVER.obj
 0001:00000380       ?AtlGetStringResourceImage@ATL@@YAPBUATLSTRINGRESOURCEIMAGE@1@PAUHINSTANCE__@@I@Z 00401380 f i COLLECTIONSERVER.obj
 0001:000003c0       ?data@CStringData@ATL@@QAEPAXXZ 004013c0 f i COLLECTIONSERVER.obj
 0001:000003d0       ?IsLocked@CStringData@ATL@@QBE_NXZ 004013d0 f i COLLECTIONSERVER.obj
 0001:000003e0       ?IsShared@CStringData@ATL@@QBE_NXZ 004013e0 f i COLLECTIONSERVER.obj
 0001:000003f0       ?Release@CStringData@ATL@@QAEXXZ 004013f0 f i COLLECTIONSERVER.obj
 0001:00000410       ?StringCompare@?$ChTraitsCRT@D@ATL@@SAHPBD0@Z 00401410 f i COLLECTIONSERVER.obj
 0001:00000420       ??0CTime@ATL@@QAE@_J@Z     00401420 f i COLLECTIONSERVER.obj
 0001:00000440       ??B?$CSimpleStringT@D$0A@@ATL@@QBEPBDXZ 00401440 f i COLLECTIONSERVER.obj
 0001:00000450       ?GetString@?$CSimpleStringT@D$0A@@ATL@@QBEPBDXZ 00401450 f i COLLECTIONSERVER.obj
 0001:00000460       ?StringLength@?$CSimpleStringT@D$0A@@ATL@@SAHPBD@Z 00401460 f i COLLECTIONSERVER.obj
 0001:00000480       ?GetData@?$CSimpleStringT@D$0A@@ATL@@ABEPAUCStringData@2@XZ 00401480 f i COLLECTIONSERVER.obj
 0001:00000490       ?SetLength@?$CSimpleStringT@D$0A@@ATL@@AAEXH@Z 00401490 f i COLLECTIONSERVER.obj
 0001:000004c0       ?FindStringResourceInstance@?$StrTraitMFC@DV?$ChTraitsCRT@D@ATL@@@@SAPAUHINSTANCE__@@I@Z 004014c0 f i COLLECTIONSERVER.obj
 0001:000004d0       ?GetDefaultManager@?$StrTraitMFC@DV?$ChTraitsCRT@D@ATL@@@@SAPAUIAtlStringMgr@ATL@@XZ 004014d0 f i COLLECTIONSERVER.obj
 0001:000004e0       ?Attach@?$CSimpleStringT@D$0A@@ATL@@AAEXPAUCStringData@2@@Z 004014e0 f i COLLECTIONSERVER.obj
 0001:000004f0       ?GetBaseTypeLength@?$ChTraitsCRT@D@ATL@@SAHPBGH@Z 004014f0 f i COLLECTIONSERVER.obj
 0001:00000520       ?ConvertToBaseType@?$ChTraitsCRT@D@ATL@@SAXPADHPBGH@Z 00401520 f i COLLECTIONSERVER.obj
 0001:00000550       ?Empty@?$CSimpleStringT@D$0A@@ATL@@QAEXXZ 00401550 f i COLLECTIONSERVER.obj
 0001:000005c0       ?CopyChars@?$CSimpleStringT@D$0A@@ATL@@SAXPADPBDH@Z 004015c0 f i COLLECTIONSERVER.obj
 0001:000005e0       ?CopyCharsOverlapped@?$CSimpleStringT@D$0A@@ATL@@SAXPADPBDH@Z 004015e0 f i COLLECTIONSERVER.obj
 0001:000005f0       ?ThrowMemoryException@?$CSimpleStringT@D$0A@@ATL@@KAXXZ 004015f0 f i COLLECTIONSERVER.obj
 0001:00000600       ?Fork@?$CSimpleStringT@D$0A@@ATL@@AAEXH@Z 00401600 f i COLLECTIONSERVER.obj
 0001:00000680       ?Reallocate@?$CSimpleStringT@D$0A@@ATL@@AAEXH@Z 00401680 f i COLLECTIONSERVER.obj
 0001:000006b0       ?MyRegisterClass@@YAGPAUHINSTANCE__@@@Z 004016b0 f   COLLECTIONSERVER.obj
 0001:00000740       ?Compare@?$CStringT@DV?$StrTraitMFC@DV?$ChTraitsCRT@D@ATL@@@@@ATL@@QBEHPBD@Z 00401740 f i COLLECTIONSERVER.obj
 0001:00000760       ?GetTickCount@CTime@ATL@@SG?AV12@XZ 00401760 f i COLLECTIONSERVER.obj
 0001:00000780       ?GetLength@?$CSimpleStringT@D$0A@@ATL@@QBEHXZ 00401780 f i COLLECTIONSERVER.obj
 0001:00000790       ??0?$CSimpleStringT@D$0A@@ATL@@QAE@PAUIAtlStringMgr@1@@Z 00401790 f i COLLECTIONSERVER.obj
 0001:000007b0       ??1?$CSimpleStringT@D$0A@@ATL@@QAE@XZ 004017b0 f i COLLECTIONSERVER.obj
 0001:000007d0       ?ReleaseBufferSetLength@?$CSimpleStringT@D$0A@@ATL@@QAEXH@Z 004017d0 f i COLLECTIONSERVER.obj
 0001:00000800       ?PrepareWrite2@?$CSimpleStringT@D$0A@@ATL@@AAEXH@Z 00401800 f i COLLECTIONSERVER.obj
 0001:00000850       ??8ATL@@YA_NABV?$CStringT@DV?$StrTraitMFC@DV?$ChTraitsCRT@D@ATL@@@@@0@PBD@Z 00401850 f i COLLECTIONSERVER.obj
 0001:00000870       ??1?$CStringT@DV?$StrTraitMFC@DV?$ChTraitsCRT@D@ATL@@@@@ATL@@QAE@XZ 00401870 f i COLLECTIONSERVER.obj
 0001:00000890       ?PrepareWrite@?$CSimpleStringT@D$0A@@ATL@@AAEPADH@Z 00401890 f i COLLECTIONSERVER.obj
 0001:000008c0       ?Script@@YAHPBD@Z          004018c0 f   COLLECTIONSERVER.obj
 0001:00000a80       ?GetBuffer@?$CSimpleStringT@D$0A@@ATL@@QAEPADH@Z 00401a80 f i COLLECTIONSERVER.obj
 0001:00000ab0       ?LoadStringA@?$CStringT@DV?$StrTraitMFC@DV?$ChTraitsCRT@D@ATL@@@@@ATL@@QAEHPAUHINSTANCE__@@I@Z 00401ab0 f i COLLECTIONSERVER.obj
 0001:00000b80       ?SetString@?$CSimpleStringT@D$0A@@ATL@@QAEXPBDH@Z 00401b80 f i COLLECTIONSERVER.obj
 0001:00000c20       ?LoadStringA@?$CStringT@DV?$StrTraitMFC@DV?$ChTraitsCRT@D@ATL@@@@@ATL@@QAEHI@Z 00401c20 f i COLLECTIONSERVER.obj
 0001:00000c50       ?CheckImplicitLoad@?$CStringT@DV?$StrTraitMFC@DV?$ChTraitsCRT@D@ATL@@@@@ATL@@AAE_NPBX@Z 00401c50 f i COLLECTIONSERVER.obj
 0001:00000c90       ?SetString@?$CSimpleStringT@D$0A@@ATL@@QAEXPBD@Z 00401c90 f i COLLECTIONSERVER.obj
 0001:00000cd0       ??4?$CSimpleStringT@D$0A@@ATL@@QAEAAV01@PBD@Z 00401cd0 f i COLLECTIONSERVER.obj
 0001:00000d10       ??4?$CStringT@DV?$StrTraitMFC@DV?$ChTraitsCRT@D@ATL@@@@@ATL@@QAEAAV01@PBD@Z 00401d10 f i COLLECTIONSERVER.obj
 0001:00000d50       ??0?$CStringT@DV?$StrTraitMFC@DV?$ChTraitsCRT@D@ATL@@@@@ATL@@QAE@PBD@Z 00401d50 f i COLLECTIONSERVER.obj
 0001:00000e00       ?Format@CTime@ATL@@QBE?AV?$CStringT@DV?$StrTraitMFC@DV?$ChTraitsCRT@D@ATL@@@@@2@PBD@Z 00401e00 f i COLLECTIONSERVER.obj
 0001:00000e70       ?InitInstance@@YAHPAUHINSTANCE__@@H@Z 00401e70 f   COLLECTIONSERVER.obj
 0001:00001030       _WinMain@16                00402030 f   COLLECTIONSERVER.obj
 0001:00001100       ??2@YAPAXIPAX@Z            00402100 f i DbManager.obj
 0001:00001110       ??3@YAXPAX0@Z              00402110 f i DbManager.obj
 0001:00001120       ??1CDbManager@@UAE@XZ      00402120 f   DbManager.obj
 0001:000011c0       ?GetIOCPHandle@CDbManager@@QAEPAXH@Z 004021c0 f   DbManager.obj
 0001:000011d0       ??0?$allocator@D@std@@QAE@XZ 004021d0 f i DbManager.obj
 0001:000011e0       ?empty@?$deque@PAUtagDB_OVERLAPPED_PLUS@@V?$allocator@PAUtagDB_OVERLAPPED_PLUS@@@std@@@std@@QBE_NXZ 004021e0 f i DbManager.obj
 0001:000011f0       ??0?$allocator@PAUtagDB_OVERLAPPED_PLUS@@@std@@QAE@XZ 004021f0 f i DbManager.obj
 0001:00001200       ?_Nextnode@?$list@PAUtagDB_OVERLAPPED_PLUS@@V?$allocator@PAUtagDB_OVERLAPPED_PLUS@@@std@@@std@@KAAAPAU_Node@?$_List_nod@PAUtagDB_OVERLAPPED_PLUS@@V?$allocator@PAUtagDB_OVERLAPPED_PLUS@@@std@@@2@PAU342@@Z 00402200 f i DbManager.obj
 0001:00001210       ?_Prevnode@?$list@PAUtagDB_OVERLAPPED_PLUS@@V?$allocator@PAUtagDB_OVERLAPPED_PLUS@@@std@@@std@@KAAAPAU_Node@?$_List_nod@PAUtagDB_OVERLAPPED_PLUS@@V?$allocator@PAUtagDB_OVERLAPPED_PLUS@@@std@@@2@PAU342@@Z 00402210 f i DbManager.obj
 0001:00001220       ?deallocate@?$allocator@U_Node@?$_List_nod@PAUtagDB_OVERLAPPED_PLUS@@V?$allocator@PAUtagDB_OVERLAPPED_PLUS@@@std@@@std@@@std@@QAEXPAU_Node@?$_List_nod@PAUtagDB_OVERLAPPED_PLUS@@V?$allocator@PAUtagDB_OVERLAPPED_PLUS@@@std@@@2@I@Z 00402220 f i DbManager.obj
 0001:00001230       ??0?$allocator@PAUtagDB_OVERLAPPED_PLUS@@@std@@QAE@ABV01@@Z 00402230 f i DbManager.obj
 0001:00001240       ?deallocate@?$allocator@PAUtagDB_OVERLAPPED_PLUS@@@std@@QAEXPAPAUtagDB_OVERLAPPED_PLUS@@I@Z 00402240 f i DbManager.obj
 0001:00001250       ?deallocate@?$allocator@PAPAUtagDB_OVERLAPPED_PLUS@@@std@@QAEXPAPAPAUtagDB_OVERLAPPED_PLUS@@I@Z 00402250 f i DbManager.obj
 0001:00001260       ??0const_iterator@?$list@PAUtagDB_OVERLAPPED_PLUS@@V?$allocator@PAUtagDB_OVERLAPPED_PLUS@@@std@@@std@@QAE@PAU_Node@?$_List_nod@PAUtagDB_OVERLAPPED_PLUS@@V?$allocator@PAUtagDB_OVERLAPPED_PLUS@@@std@@@2@@Z 00402260 f i DbManager.obj
 0001:00001270       ?max_size@?$allocator@PAUtagDB_OVERLAPPED_PLUS@@@std@@QBEIXZ 00402270 f i DbManager.obj
 0001:00001280       ??$_Destroy@U_Node@?$_List_nod@PAUtagDB_OVERLAPPED_PLUS@@V?$allocator@PAUtagDB_OVERLAPPED_PLUS@@@std@@@std@@@std@@YAXPAU_Node@?$_List_nod@PAUtagDB_OVERLAPPED_PLUS@@V?$allocator@PAUtagDB_OVERLAPPED_PLUS@@@std@@@0@@Z 00402280 f i DbManager.obj
 0001:00001290       ??$_Allocate@PAUtagDB_OVERLAPPED_PLUS@@@std@@YAPAPAUtagDB_OVERLAPPED_PLUS@@IPAPAU1@@Z 00402290 f i DbManager.obj
 0001:000012b0       ??$_Construct@PAUtagDB_OVERLAPPED_PLUS@@PAU1@@std@@YAXPAPAUtagDB_OVERLAPPED_PLUS@@ABQAU1@@Z 004022b0 f i DbManager.obj
 0001:000012d0       ??$_Destroy@PAUtagDB_OVERLAPPED_PLUS@@@std@@YAXPAPAUtagDB_OVERLAPPED_PLUS@@@Z 004022d0 f i DbManager.obj
 0001:000012e0       ??$_Destroy@PAPAUtagDB_OVERLAPPED_PLUS@@@std@@YAXPAPAPAUtagDB_OVERLAPPED_PLUS@@@Z 004022e0 f i DbManager.obj
 0001:000012f0       ??$?0PAUtagDB_OVERLAPPED_PLUS@@@?$allocator@PAU_Node@?$_List_nod@PAUtagDB_OVERLAPPED_PLUS@@V?$allocator@PAUtagDB_OVERLAPPED_PLUS@@@std@@@std@@@std@@QAE@ABV?$allocator@PAUtagDB_OVERLAPPED_PLUS@@@1@@Z 004022f0 f i DbManager.obj
 0001:00001300       ??$_Allocate@U_Node@?$_List_nod@PAUtagDB_OVERLAPPED_PLUS@@V?$allocator@PAUtagDB_OVERLAPPED_PLUS@@@std@@@std@@@std@@YAPAU_Node@?$_List_nod@PAUtagDB_OVERLAPPED_PLUS@@V?$allocator@PAUtagDB_OVERLAPPED_PLUS@@@std@@@0@IPAU120@@Z 00402300 f i DbManager.obj
 0001:00001320       ??$_Construct@PAU_Node@?$_List_nod@PAUtagDB_OVERLAPPED_PLUS@@V?$allocator@PAUtagDB_OVERLAPPED_PLUS@@@std@@@std@@PAU123@@std@@YAXPAPAU_Node@?$_List_nod@PAUtagDB_OVERLAPPED_PLUS@@V?$allocator@PAUtagDB_OVERLAPPED_PLUS@@@std@@@0@ABQAU120@@Z 00402320 f i DbManager.obj
 0001:00001340       ??$_Destroy@PAU_Node@?$_List_nod@PAUtagDB_OVERLAPPED_PLUS@@V?$allocator@PAUtagDB_OVERLAPPED_PLUS@@@std@@@std@@@std@@YAXPAPAU_Node@?$_List_nod@PAUtagDB_OVERLAPPED_PLUS@@V?$allocator@PAUtagDB_OVERLAPPED_PLUS@@@std@@@0@@Z 00402340 f i DbManager.obj
 0001:00001350       ??$?0PAUtagDB_OVERLAPPED_PLUS@@@?$allocator@PAPAUtagDB_OVERLAPPED_PLUS@@@std@@QAE@ABV?$allocator@PAUtagDB_OVERLAPPED_PLUS@@@1@@Z 00402350 f i DbManager.obj
 0001:00001360       ??$_Allocate@PAPAUtagDB_OVERLAPPED_PLUS@@@std@@YAPAPAPAUtagDB_OVERLAPPED_PLUS@@IPAPAPAU1@@Z 00402360 f i DbManager.obj
 0001:00001380       ??$?0PAUtagDB_OVERLAPPED_PLUS@@@?$allocator@U_Node@?$_List_nod@PAUtagDB_OVERLAPPED_PLUS@@V?$allocator@PAUtagDB_OVERLAPPED_PLUS@@@std@@@std@@@std@@QAE@ABV?$allocator@PAUtagDB_OVERLAPPED_PLUS@@@1@@Z 00402380 f i DbManager.obj
 0001:00001390       ?_Mynode@const_iterator@?$list@PAUtagDB_OVERLAPPED_PLUS@@V?$allocator@PAUtagDB_OVERLAPPED_PLUS@@@std@@@std@@QBEPAU_Node@?$_List_nod@PAUtagDB_OVERLAPPED_PLUS@@V?$allocator@PAUtagDB_OVERLAPPED_PLUS@@@std@@@3@XZ 00402390 f i DbManager.obj
 0001:000013a0       ?max_size@?$list@PAUtagDB_OVERLAPPED_PLUS@@V?$allocator@PAUtagDB_OVERLAPPED_PLUS@@@std@@@std@@QBEIXZ 004023a0 f i DbManager.obj
 0001:000013b0       ??0_Node@?$_List_nod@PAUtagDB_OVERLAPPED_PLUS@@V?$allocator@PAUtagDB_OVERLAPPED_PLUS@@@std@@@std@@QAE@PAU012@0ABQAUtagDB_OVERLAPPED_PLUS@@@Z 004023b0 f i DbManager.obj
 0001:000013d0       ??$_Ptr_cat@PAUtagDB_OVERLAPPED_PLUS@@@std@@YA?AU_Scalar_ptr_iterator_tag@0@PAPAPAUtagDB_OVERLAPPED_PLUS@@0@Z 004023d0 f i DbManager.obj
 0001:000013e0       ??$_Uninit_copy@PAPAUtagDB_OVERLAPPED_PLUS@@PAPAU1@@std@@YAPAPAPAUtagDB_OVERLAPPED_PLUS@@PAPAPAU1@00AAV?$allocator@PAPAUtagDB_OVERLAPPED_PLUS@@@0@U_Scalar_ptr_iterator_tag@0@@Z 004023e0 f i DbManager.obj
 0001:00001410       ??$_Destroy_range@PAPAUtagDB_OVERLAPPED_PLUS@@V?$allocator@PAPAUtagDB_OVERLAPPED_PLUS@@@std@@@std@@YAXPAPAPAUtagDB_OVERLAPPED_PLUS@@0AAV?$allocator@PAPAUtagDB_OVERLAPPED_PLUS@@@0@U_Scalar_ptr_iterator_tag@0@@Z 00402410 f i DbManager.obj
 0001:00001420       ??$fill_n@PAPAPAUtagDB_OVERLAPPED_PLUS@@IPAPAU1@@std@@YAXPAPAPAUtagDB_OVERLAPPED_PLUS@@IABQAPAU1@@Z 00402420 f i DbManager.obj
 0001:00001440       ?assign@?$char_traits@D@std@@SAXAADABD@Z 00402440 f i DbManager.obj
 0001:00001450       ?length@?$char_traits@D@std@@SAIPBD@Z 00402450 f i DbManager.obj
 0001:00001470       ?copy@?$char_traits@D@std@@SAPADPADPBDI@Z 00402470 f i DbManager.obj
 0001:000014a0       ?move@?$char_traits@D@std@@SAPADPADPBDI@Z 004024a0 f i DbManager.obj
 0001:000014b0       ??0CMclCritSec@@QAE@XZ     004024b0 f i DbManager.obj
 0001:000014d0       ??1CMclCritSec@@UAE@XZ     004024d0 f i DbManager.obj
 0001:000014f0       ?Enter@CMclCritSec@@QAEXXZ 004024f0 f i DbManager.obj
 0001:00001500       ?Leave@CMclCritSec@@QAEXXZ 00402500 f i DbManager.obj
 0001:00001510       ??_GCMclCritSec@@UAEPAXI@Z 00402510 f i DbManager.obj
 0001:00001510       ??_ECMclCritSec@@UAEPAXI@Z 00402510 f i DbManager.obj
 0001:00001540       ??0CMclAutoLock@@QAE@AAVCMclCritSec@@@Z 00402540 f i DbManager.obj
 0001:00001560       ??1CMclAutoLock@@QAE@XZ    00402560 f i DbManager.obj
 0001:00001570       ?size@?$basic_string@DU?$char_traits@D@std@@V?$allocator@D@2@@std@@QBEIXZ 00402570 f i DbManager.obj
 0001:00001580       ?_Myptr@?$basic_string@DU?$char_traits@D@std@@V?$allocator@D@2@@std@@QBEPBDXZ 00402580 f i DbManager.obj
 0001:00001590       ??0?$allocator@D@std@@QAE@ABV01@@Z 00402590 f i DbManager.obj
 0001:000015a0       ?_Myptr@?$basic_string@DU?$char_traits@D@std@@V?$allocator@D@2@@std@@QAEPADXZ 004025a0 f i DbManager.obj
 0001:000015b0       ?deallocate@?$allocator@D@std@@QAEXPADI@Z 004025b0 f i DbManager.obj
 0001:000015c0       ?_Inside@?$basic_string@DU?$char_traits@D@std@@V?$allocator@D@2@@std@@IAE_NPBD@Z 004025c0 f i DbManager.obj
 0001:00001600       ?max_size@?$allocator@D@std@@QBEIXZ 00402600 f i DbManager.obj
 0001:00001610       ??$_Allocate@D@std@@YAPADIPAD@Z 00402610 f i DbManager.obj
 0001:00001620       ??_GCDbManager@@UAEPAXI@Z  00402620 f i DbManager.obj
 0001:00001620       ??_ECDbManager@@UAEPAXI@Z  00402620 f i DbManager.obj
 0001:00001640       ?PostQ@CDbManager@@QAEXPAUtagDB_OVERLAPPED_PLUS@@@Z 00402640 f   DbManager.obj
 0001:00001680       ?destroy@?$allocator@U_Node@?$_List_nod@PAUtagDB_OVERLAPPED_PLUS@@V?$allocator@PAUtagDB_OVERLAPPED_PLUS@@@std@@@std@@@std@@QAEXPAU_Node@?$_List_nod@PAUtagDB_OVERLAPPED_PLUS@@V?$allocator@PAUtagDB_OVERLAPPED_PLUS@@@std@@@2@@Z 00402680 f i DbManager.obj
 0001:00001690       ??0iterator@?$list@PAUtagDB_OVERLAPPED_PLUS@@V?$allocator@PAUtagDB_OVERLAPPED_PLUS@@@std@@@std@@QAE@PAU_Node@?$_List_nod@PAUtagDB_OVERLAPPED_PLUS@@V?$allocator@PAUtagDB_OVERLAPPED_PLUS@@@std@@@2@@Z 00402690 f i DbManager.obj
 0001:000016a0       ?allocate@?$allocator@PAUtagDB_OVERLAPPED_PLUS@@@std@@QAEPAPAUtagDB_OVERLAPPED_PLUS@@I@Z 004026a0 f i DbManager.obj
 0001:000016c0       ?construct@?$allocator@PAUtagDB_OVERLAPPED_PLUS@@@std@@QAEXPAPAUtagDB_OVERLAPPED_PLUS@@ABQAU3@@Z 004026c0 f i DbManager.obj
 0001:000016e0       ?destroy@?$allocator@PAUtagDB_OVERLAPPED_PLUS@@@std@@QAEXPAPAUtagDB_OVERLAPPED_PLUS@@@Z 004026e0 f i DbManager.obj
 0001:000016f0       ?destroy@?$allocator@PAPAUtagDB_OVERLAPPED_PLUS@@@std@@QAEXPAPAPAUtagDB_OVERLAPPED_PLUS@@@Z 004026f0 f i DbManager.obj
 0001:00001700       ?allocate@?$allocator@U_Node@?$_List_nod@PAUtagDB_OVERLAPPED_PLUS@@V?$allocator@PAUtagDB_OVERLAPPED_PLUS@@@std@@@std@@@std@@QAEPAU_Node@?$_List_nod@PAUtagDB_OVERLAPPED_PLUS@@V?$allocator@PAUtagDB_OVERLAPPED_PLUS@@@std@@@2@I@Z 00402700 f i DbManager.obj
 0001:00001720       ?construct@?$allocator@PAU_Node@?$_List_nod@PAUtagDB_OVERLAPPED_PLUS@@V?$allocator@PAUtagDB_OVERLAPPED_PLUS@@@std@@@std@@@std@@QAEXPAPAU_Node@?$_List_nod@PAUtagDB_OVERLAPPED_PLUS@@V?$allocator@PAUtagDB_OVERLAPPED_PLUS@@@std@@@2@ABQAU342@@Z 00402720 f i DbManager.obj
 0001:00001740       ?destroy@?$allocator@PAU_Node@?$_List_nod@PAUtagDB_OVERLAPPED_PLUS@@V?$allocator@PAUtagDB_OVERLAPPED_PLUS@@@std@@@std@@@std@@QAEXPAPAU_Node@?$_List_nod@PAUtagDB_OVERLAPPED_PLUS@@V?$allocator@PAUtagDB_OVERLAPPED_PLUS@@@std@@@2@@Z 00402740 f i DbManager.obj
 0001:00001750       ?max_size@?$deque@PAUtagDB_OVERLAPPED_PLUS@@V?$allocator@PAUtagDB_OVERLAPPED_PLUS@@@std@@@std@@QBEIXZ 00402750 f i DbManager.obj
 0001:00001760       ??0?$_Deque_map@PAUtagDB_OVERLAPPED_PLUS@@V?$allocator@PAUtagDB_OVERLAPPED_PLUS@@@std@@@std@@IAE@V?$allocator@PAUtagDB_OVERLAPPED_PLUS@@@1@@Z 00402760 f i DbManager.obj
 0001:00001770       ?allocate@?$allocator@PAPAUtagDB_OVERLAPPED_PLUS@@@std@@QAEPAPAPAUtagDB_OVERLAPPED_PLUS@@I@Z 00402770 f i DbManager.obj
 0001:00001790       ??0?$_List_nod@PAUtagDB_OVERLAPPED_PLUS@@V?$allocator@PAUtagDB_OVERLAPPED_PLUS@@@std@@@std@@IAE@V?$allocator@PAUtagDB_OVERLAPPED_PLUS@@@1@@Z 00402790 f i DbManager.obj
 0001:000017a0       ??$_Uninitialized_copy@PAPAPAUtagDB_OVERLAPPED_PLUS@@PAPAPAU1@V?$allocator@PAPAUtagDB_OVERLAPPED_PLUS@@@std@@@std@@YAPAPAPAUtagDB_OVERLAPPED_PLUS@@PAPAPAU1@00AAV?$allocator@PAPAUtagDB_OVERLAPPED_PLUS@@@0@@Z 004027a0 f i DbManager.obj
 0001:000017d0       ??$_Destroy_range@PAPAUtagDB_OVERLAPPED_PLUS@@V?$allocator@PAPAUtagDB_OVERLAPPED_PLUS@@@std@@@std@@YAXPAPAPAUtagDB_OVERLAPPED_PLUS@@0AAV?$allocator@PAPAUtagDB_OVERLAPPED_PLUS@@@0@@Z 004027d0 f i DbManager.obj
 0001:000017e0       ?_Buynode@?$list@PAUtagDB_OVERLAPPED_PLUS@@V?$allocator@PAUtagDB_OVERLAPPED_PLUS@@@std@@@std@@IAEPAU_Node@?$_List_nod@PAUtagDB_OVERLAPPED_PLUS@@V?$allocator@PAUtagDB_OVERLAPPED_PLUS@@@std@@@2@PAU342@0ABQAUtagDB_OVERLAPPED_PLUS@@@Z 004027e0 f i DbManager.obj
 0001:00001810       ??$_Uninit_fill_n@PAPAUtagDB_OVERLAPPED_PLUS@@IPAPAU1@@std@@YAXPAPAPAUtagDB_OVERLAPPED_PLUS@@IABQAPAU1@AAV?$allocator@PAPAUtagDB_OVERLAPPED_PLUS@@@0@U_Scalar_ptr_iterator_tag@0@@Z 00402810 f i DbManager.obj
 0001:00001830       ??0?$_String_val@DV?$allocator@D@std@@@std@@IAE@V?$allocator@D@1@@Z 00402830 f i DbManager.obj
 0001:00001840       ?_Eos@?$basic_string@DU?$char_traits@D@std@@V?$allocator@D@2@@std@@IAEXI@Z 00402840 f i DbManager.obj
 0001:00001860       ?max_size@?$basic_string@DU?$char_traits@D@std@@V?$allocator@D@2@@std@@QBEIXZ 00402860 f i DbManager.obj
 0001:00001870       ?allocate@?$allocator@D@std@@QAEPADI@Z 00402870 f i DbManager.obj
 0001:00001880       ?end@?$list@PAUtagDB_OVERLAPPED_PLUS@@V?$allocator@PAUtagDB_OVERLAPPED_PLUS@@@std@@@std@@QAE?AViterator@12@XZ 00402880 f i DbManager.obj
 0001:00001890       ?clear@?$list@PAUtagDB_OVERLAPPED_PLUS@@V?$allocator@PAUtagDB_OVERLAPPED_PLUS@@@std@@@std@@QAEXXZ 00402890 f i DbManager.obj
 0001:000018d0       ?pop_back@?$deque@PAUtagDB_OVERLAPPED_PLUS@@V?$allocator@PAUtagDB_OVERLAPPED_PLUS@@@std@@@std@@QAEXXZ 004028d0 f i DbManager.obj
 0001:000018f0       ?_Tidy@?$deque@PAUtagDB_OVERLAPPED_PLUS@@V?$allocator@PAUtagDB_OVERLAPPED_PLUS@@@std@@@std@@IAEXXZ 004028f0 f i DbManager.obj
 0001:00001960       ?_Buynode@?$list@PAUtagDB_OVERLAPPED_PLUS@@V?$allocator@PAUtagDB_OVERLAPPED_PLUS@@@std@@@std@@IAEPAU_Node@?$_List_nod@PAUtagDB_OVERLAPPED_PLUS@@V?$allocator@PAUtagDB_OVERLAPPED_PLUS@@@std@@@2@XZ 00402960 f i DbManager.obj
 0001:00001980       ?_Tidy@?$list@PAUtagDB_OVERLAPPED_PLUS@@V?$allocator@PAUtagDB_OVERLAPPED_PLUS@@@std@@@std@@IAEXXZ 00402980 f i DbManager.obj
 0001:000019a0       ??0?$_Deque_val@PAUtagDB_OVERLAPPED_PLUS@@V?$allocator@PAUtagDB_OVERLAPPED_PLUS@@@std@@@std@@IAE@V?$allocator@PAUtagDB_OVERLAPPED_PLUS@@@1@@Z 004029a0 f i DbManager.obj
 0001:000019b0       ??0?$_List_ptr@PAUtagDB_OVERLAPPED_PLUS@@V?$allocator@PAUtagDB_OVERLAPPED_PLUS@@@std@@@std@@IAE@V?$allocator@PAUtagDB_OVERLAPPED_PLUS@@@1@@Z 004029b0 f i DbManager.obj
 0001:000019c0       ??$_Uninitialized_fill_n@PAPAPAUtagDB_OVERLAPPED_PLUS@@IPAPAU1@V?$allocator@PAPAUtagDB_OVERLAPPED_PLUS@@@std@@@std@@YAXPAPAPAUtagDB_OVERLAPPED_PLUS@@IABQAPAU1@AAV?$allocator@PAPAUtagDB_OVERLAPPED_PLUS@@@0@@Z 004029c0 f i DbManager.obj
 0001:000019e0       ?_Tidy@?$basic_string@DU?$char_traits@D@std@@V?$allocator@D@2@@std@@IAEX_NI@Z 004029e0 f i DbManager.obj
 0001:00001a40       ?erase@?$basic_string@DU?$char_traits@D@std@@V?$allocator@D@2@@std@@QAEAAV12@II@Z 00402a40 f i DbManager.obj
 0001:00001ac0       ?_Copy@?$basic_string@DU?$char_traits@D@std@@V?$allocator@D@2@@std@@IAEXII@Z 00402ac0 f i DbManager.obj
 0001:00001c00       ??1?$deque@PAUtagDB_OVERLAPPED_PLUS@@V?$allocator@PAUtagDB_OVERLAPPED_PLUS@@@std@@@std@@QAE@XZ 00402c00 f i DbManager.obj
 0001:00001c10       ??1?$list@PAUtagDB_OVERLAPPED_PLUS@@V?$allocator@PAUtagDB_OVERLAPPED_PLUS@@@std@@@std@@QAE@XZ 00402c10 f i DbManager.obj
 0001:00001c30       ??0?$deque@PAUtagDB_OVERLAPPED_PLUS@@V?$allocator@PAUtagDB_OVERLAPPED_PLUS@@@std@@@std@@QAE@XZ 00402c30 f i DbManager.obj
 0001:00001c50       ??0?$_List_val@PAUtagDB_OVERLAPPED_PLUS@@V?$allocator@PAUtagDB_OVERLAPPED_PLUS@@@std@@@std@@IAE@V?$allocator@PAUtagDB_OVERLAPPED_PLUS@@@1@@Z 00402c50 f i DbManager.obj
 0001:00001c60       ??1?$basic_string@DU?$char_traits@D@std@@V?$allocator@D@2@@std@@QAE@XZ 00402c60 f i DbManager.obj
 0001:00001c90       ?_Grow@?$basic_string@DU?$char_traits@D@std@@V?$allocator@D@2@@std@@IAE_NI_N@Z 00402c90 f i DbManager.obj
 0001:00001d60       ??1?$stack@PAUtagDB_OVERLAPPED_PLUS@@V?$deque@PAUtagDB_OVERLAPPED_PLUS@@V?$allocator@PAUtagDB_OVERLAPPED_PLUS@@@std@@@std@@@std@@QAE@XZ 00402d60 f i DbManager.obj
 0001:00001d70       ??0?$stack@PAUtagDB_OVERLAPPED_PLUS@@V?$deque@PAUtagDB_OVERLAPPED_PLUS@@V?$allocator@PAUtagDB_OVERLAPPED_PLUS@@@std@@@std@@@std@@QAE@XZ 00402d70 f i DbManager.obj
 0001:00001d90       ??0?$list@PAUtagDB_OVERLAPPED_PLUS@@V?$allocator@PAUtagDB_OVERLAPPED_PLUS@@@std@@@std@@QAE@XZ 00402d90 f i DbManager.obj
 0001:00001db0       ??1logic_error@std@@UAE@XZ 00402db0 f i DbManager.obj
 0001:00001df0       ?what@logic_error@std@@UBEPBDXZ 00402df0 f i DbManager.obj
 0001:00001e00       ??_Glogic_error@std@@UAEPAXI@Z 00402e00 f i DbManager.obj
 0001:00001e00       ??_Elogic_error@std@@UAEPAXI@Z 00402e00 f i DbManager.obj
 0001:00001e20       ?assign@?$basic_string@DU?$char_traits@D@std@@V?$allocator@D@2@@std@@QAEAAV12@ABV12@II@Z 00402e20 f i DbManager.obj
 0001:00001f10       ?assign@?$basic_string@DU?$char_traits@D@std@@V?$allocator@D@2@@std@@QAEAAV12@PBDI@Z 00402f10 f i DbManager.obj
 0001:00002000       ??0?$basic_string@DU?$char_traits@D@std@@V?$allocator@D@2@@std@@QAE@ABV01@@Z 00403000 f i DbManager.obj
 0001:00002030       ?assign@?$basic_string@DU?$char_traits@D@std@@V?$allocator@D@2@@std@@QAEAAV12@PBD@Z 00403030 f i DbManager.obj
 0001:00002060       ??0?$basic_string@DU?$char_traits@D@std@@V?$allocator@D@2@@std@@QAE@PBD@Z 00403060 f i DbManager.obj
 0001:000020a0       ??0logic_error@std@@QAE@ABV?$basic_string@DU?$char_traits@D@std@@V?$allocator@D@2@@1@@Z 004030a0 f i DbManager.obj
 0001:00002100       ??0length_error@std@@QAE@ABV?$basic_string@DU?$char_traits@D@std@@V?$allocator@D@2@@1@@Z 00403100 f i DbManager.obj
 0001:00002120       ??_Glength_error@std@@UAEPAXI@Z 00403120 f i DbManager.obj
 0001:00002120       ??_Elength_error@std@@UAEPAXI@Z 00403120 f i DbManager.obj
 0001:00002140       ??1length_error@std@@UAE@XZ 00403140 f i DbManager.obj
 0001:00002180       ?_Xlen@?$deque@PAUtagDB_OVERLAPPED_PLUS@@V?$allocator@PAUtagDB_OVERLAPPED_PLUS@@@std@@@std@@IBEXXZ 00403180 f i DbManager.obj
 0001:000021f0       ??0logic_error@std@@QAE@ABV01@@Z 004031f0 f i DbManager.obj
 0001:00002260       ??0length_error@std@@QAE@ABV01@@Z 00403260 f i DbManager.obj
 0001:00002280       ?_Incsize@?$list@PAUtagDB_OVERLAPPED_PLUS@@V?$allocator@PAUtagDB_OVERLAPPED_PLUS@@@std@@@std@@IAEXI@Z 00403280 f i DbManager.obj
 0001:00002320       ?_Growmap@?$deque@PAUtagDB_OVERLAPPED_PLUS@@V?$allocator@PAUtagDB_OVERLAPPED_PLUS@@@std@@@std@@IAEXI@Z 00403320 f i DbManager.obj
 0001:00002480       ?_Insert@?$list@PAUtagDB_OVERLAPPED_PLUS@@V?$allocator@PAUtagDB_OVERLAPPED_PLUS@@@std@@@std@@QAEXViterator@12@ABQAUtagDB_OVERLAPPED_PLUS@@@Z 00403480 f i DbManager.obj
 0001:000024c0       ?push_back@?$deque@PAUtagDB_OVERLAPPED_PLUS@@V?$allocator@PAUtagDB_OVERLAPPED_PLUS@@@std@@@std@@QAEXABQAUtagDB_OVERLAPPED_PLUS@@@Z 004034c0 f i DbManager.obj
 0001:00002540       ?push_back@?$list@PAUtagDB_OVERLAPPED_PLUS@@V?$allocator@PAUtagDB_OVERLAPPED_PLUS@@@std@@@std@@QAEXABQAUtagDB_OVERLAPPED_PLUS@@@Z 00403540 f i DbManager.obj
 0001:00002580       ?push@?$stack@PAUtagDB_OVERLAPPED_PLUS@@V?$deque@PAUtagDB_OVERLAPPED_PLUS@@V?$allocator@PAUtagDB_OVERLAPPED_PLUS@@@std@@@std@@@std@@QAEXABQAUtagDB_OVERLAPPED_PLUS@@@Z 00403580 f i DbManager.obj
 0001:00002590       ?Grow@?$CMemPool@UtagDB_OVERLAPPED_PLUS@@@@AAEXXZ 00403590 f i DbManager.obj
 0001:00002610       ??0?$CMemPool@UtagDB_OVERLAPPED_PLUS@@@@QAE@I@Z 00403610 f i DbManager.obj
 0001:000026a0       ??_E?$CMemPool@UtagDB_OVERLAPPED_PLUS@@@@UAEPAXI@Z 004036a0 f i DbManager.obj
 0001:000026a0       ??_G?$CMemPool@UtagDB_OVERLAPPED_PLUS@@@@UAEPAXI@Z 004036a0 f i DbManager.obj
 0001:000026c0       ??1?$CMemPool@UtagDB_OVERLAPPED_PLUS@@@@UAE@XZ 004036c0 f i DbManager.obj
 0001:000027b0       ?Free@?$CMemPool@UtagDB_OVERLAPPED_PLUS@@@@QAEXPAUtagDB_OVERLAPPED_PLUS@@@Z 004037b0 f i DbManager.obj
 0001:00002810       ??0CDbManager@@QAE@XZ      00403810 f   DbManager.obj
 0001:000028e0       ?GetInstance@CDbManager@@SAPAV1@XZ 004038e0 f   DbManager.obj
 0001:00002940       ?LogCertifyInfo@CDbManager@@QAEXAAVCQuery@@PAUtagDB_OVERLAPPED_PLUS@@@Z 00403940 f   DbManager.obj
 0001:000029d0       ?DbWorkerThread@@YGIPAX@Z  004039d0 f   DbManager.obj
 0001:00002ae0       ?CreateDbWorkers@CDbManager@@QAEHXZ 00403ae0 f   DbManager.obj
 0001:00002b80       ??5CAr@@QAEAAV0@AAK@Z      00403b80 f i DPCollectionSrvr.obj
 0001:00002bc0       ??5CAr@@QAEAAV0@AAJ@Z      00403bc0 f i DPCollectionSrvr.obj
 0001:00002c00       ?SysMessageHandler@CDPCollectionSrvr@@UAEXPAUDPMSG_GENERIC@@KK@Z 00403c00 f   DPCollectionSrvr.obj
 0001:00002c10       ??0?$pair@$$CBKP8CDPCollectionSrvr@@AEXAAVCAr@@KPAEK@Z@std@@QAE@ABKABQ8CDPCollectionSrvr@@AEXAAVCAr@@KPAEK@Z@Z 00403c10 f i DPCollectionSrvr.obj
 0001:00002c30       ??R?$less@K@std@@QBE_NABK0@Z 00403c30 f i DPCollectionSrvr.obj
 0001:00002c50       ?_Isnil@?$_Tree@V?$_Tmap_traits@KP8CDPCollectionSrvr@@AEXAAVCAr@@KPAEK@ZU?$less@K@std@@V?$allocator@U?$pair@$$CBKP8CDPCollectionSrvr@@AEXAAVCAr@@KPAEK@Z@std@@@4@$0A@@std@@@std@@KAAADPAU_Node@?$_Tree_nod@V?$_Tmap_traits@KP8CDPCollectionSrvr@@AEXAAVCAr@@KPAEK@ZU?$less@K@std@@V?$allocator@U?$pair@$$CBKP8CDPCollectionSrvr@@AEXAAVCAr@@KPAEK@Z@std@@@4@$0A@@std@@@2@@Z 00403c50 f i DPCollectionSrvr.obj
 0001:00002c60       ?_Left@?$_Tree@V?$_Tmap_traits@KP8CDPCollectionSrvr@@AEXAAVCAr@@KPAEK@ZU?$less@K@std@@V?$allocator@U?$pair@$$CBKP8CDPCollectionSrvr@@AEXAAVCAr@@KPAEK@Z@std@@@4@$0A@@std@@@std@@KAAAPAU_Node@?$_Tree_nod@V?$_Tmap_traits@KP8CDPCollectionSrvr@@AEXAAVCAr@@KPAEK@ZU?$less@K@std@@V?$allocator@U?$pair@$$CBKP8CDPCollectionSrvr@@AEXAAVCAr@@KPAEK@Z@std@@@4@$0A@@std@@@2@PAU342@@Z 00403c60 f i DPCollectionSrvr.obj
 0001:00002c70       ?_Right@?$_Tree@V?$_Tmap_traits@KP8CDPCollectionSrvr@@AEXAAVCAr@@KPAEK@ZU?$less@K@std@@V?$allocator@U?$pair@$$CBKP8CDPCollectionSrvr@@AEXAAVCAr@@KPAEK@Z@std@@@4@$0A@@std@@@std@@KAAAPAU_Node@?$_Tree_nod@V?$_Tmap_traits@KP8CDPCollectionSrvr@@AEXAAVCAr@@KPAEK@ZU?$less@K@std@@V?$allocator@U?$pair@$$CBKP8CDPCollectionSrvr@@AEXAAVCAr@@KPAEK@Z@std@@@4@$0A@@std@@@2@PAU342@@Z 00403c70 f i DPCollectionSrvr.obj
 0001:00002c80       ?_Kfn@?$_Tmap_traits@KP8CDPCollectionSrvr@@AEXAAVCAr@@KPAEK@ZU?$less@K@std@@V?$allocator@U?$pair@$$CBKP8CDPCollectionSrvr@@AEXAAVCAr@@KPAEK@Z@std@@@4@$0A@@std@@SAABKABU?$pair@$$CBKP8CDPCollectionSrvr@@AEXAAVCAr@@KPAEK@Z@2@@Z 00403c80 f i DPCollectionSrvr.obj
 0001:00002c90       ??0?$allocator@U?$pair@$$CBKP8CDPCollectionSrvr@@AEXAAVCAr@@KPAEK@Z@std@@@std@@QAE@XZ 00403c90 f i DPCollectionSrvr.obj
 0001:00002ca0       ??8const_iterator@?$_Tree@V?$_Tmap_traits@KP8CDPCollectionSrvr@@AEXAAVCAr@@KPAEK@ZU?$less@K@std@@V?$allocator@U?$pair@$$CBKP8CDPCollectionSrvr@@AEXAAVCAr@@KPAEK@Z@std@@@4@$0A@@std@@@std@@QBE_NABV012@@Z 00403ca0 f i DPCollectionSrvr.obj
 0001:00002cb0       ?_Mynode@const_iterator@?$_Tree@V?$_Tmap_traits@KP8CDPCollectionSrvr@@AEXAAVCAr@@KPAEK@ZU?$less@K@std@@V?$allocator@U?$pair@$$CBKP8CDPCollectionSrvr@@AEXAAVCAr@@KPAEK@Z@std@@@4@$0A@@std@@@std@@QBEPAU_Node@?$_Tree_nod@V?$_Tmap_traits@KP8CDPCollectionSrvr@@AEXAAVCAr@@KPAEK@ZU?$less@K@std@@V?$allocator@U?$pair@$$CBKP8CDPCollectionSrvr@@AEXAAVCAr@@KPAEK@Z@std@@@4@$0A@@std@@@3@XZ 00403cb0 f i DPCollectionSrvr.obj
 0001:00002cc0       ??0?$pair@Viterator@?$_Tree@V?$_Tmap_traits@KP8CDPCollectionSrvr@@AEXAAVCAr@@KPAEK@ZU?$less@K@std@@V?$allocator@U?$pair@$$CBKP8CDPCollectionSrvr@@AEXAAVCAr@@KPAEK@Z@std@@@4@$0A@@std@@@std@@_N@std@@QAE@ABViterator@?$_Tree@V?$_Tmap_traits@KP8CDPCollectionSrvr@@AEXAAVCAr@@KPAEK@ZU?$less@K@std@@V?$allocator@U?$pair@$$CBKP8CDPCollectionSrvr@@AEXAAVCAr@@KPAEK@Z@std@@@4@$0A@@std@@@1@AB_N@Z 00403cc0 f i DPCollectionSrvr.obj
 0001:00002ce0       ?_Color@?$_Tree@V?$_Tmap_traits@KP8CDPCollectionSrvr@@AEXAAVCAr@@KPAEK@ZU?$less@K@std@@V?$allocator@U?$pair@$$CBKP8CDPCollectionSrvr@@AEXAAVCAr@@KPAEK@Z@std@@@4@$0A@@std@@@std@@KAAADPAU_Node@?$_Tree_nod@V?$_Tmap_traits@KP8CDPCollectionSrvr@@AEXAAVCAr@@KPAEK@ZU?$less@K@std@@V?$allocator@U?$pair@$$CBKP8CDPCollectionSrvr@@AEXAAVCAr@@KPAEK@Z@std@@@4@$0A@@std@@@2@@Z 00403ce0 f i DPCollectionSrvr.obj
 0001:00002cf0       ?_Parent@?$_Tree@V?$_Tmap_traits@KP8CDPCollectionSrvr@@AEXAAVCAr@@KPAEK@ZU?$less@K@std@@V?$allocator@U?$pair@$$CBKP8CDPCollectionSrvr@@AEXAAVCAr@@KPAEK@Z@std@@@4@$0A@@std@@@std@@KAAAPAU_Node@?$_Tree_nod@V?$_Tmap_traits@KP8CDPCollectionSrvr@@AEXAAVCAr@@KPAEK@ZU?$less@K@std@@V?$allocator@U?$pair@$$CBKP8CDPCollectionSrvr@@AEXAAVCAr@@KPAEK@Z@std@@@4@$0A@@std@@@2@PAU342@@Z 00403cf0 f i DPCollectionSrvr.obj
 0001:00002d00       ?_Myval@?$_Tree@V?$_Tmap_traits@KP8CDPCollectionSrvr@@AEXAAVCAr@@KPAEK@ZU?$less@K@std@@V?$allocator@U?$pair@$$CBKP8CDPCollectionSrvr@@AEXAAVCAr@@KPAEK@Z@std@@@4@$0A@@std@@@std@@KAAAU?$pair@$$CBKP8CDPCollectionSrvr@@AEXAAVCAr@@KPAEK@Z@2@PAU_Node@?$_Tree_nod@V?$_Tmap_traits@KP8CDPCollectionSrvr@@AEXAAVCAr@@KPAEK@ZU?$less@K@std@@V?$allocator@U?$pair@$$CBKP8CDPCollectionSrvr@@AEXAAVCAr@@KPAEK@Z@std@@@4@$0A@@std@@@2@@Z 00403d00 f i DPCollectionSrvr.obj
 0001:00002d10       ?_Lmost@?$_Tree@V?$_Tmap_traits@KP8CDPCollectionSrvr@@AEXAAVCAr@@KPAEK@ZU?$less@K@std@@V?$allocator@U?$pair@$$CBKP8CDPCollectionSrvr@@AEXAAVCAr@@KPAEK@Z@std@@@4@$0A@@std@@@std@@IAEAAPAU_Node@?$_Tree_nod@V?$_Tmap_traits@KP8CDPCollectionSrvr@@AEXAAVCAr@@KPAEK@ZU?$less@K@std@@V?$allocator@U?$pair@$$CBKP8CDPCollectionSrvr@@AEXAAVCAr@@KPAEK@Z@std@@@4@$0A@@std@@@2@XZ 00403d10 f i DPCollectionSrvr.obj
 0001:00002d20       ?_Rmost@?$_Tree@V?$_Tmap_traits@KP8CDPCollectionSrvr@@AEXAAVCAr@@KPAEK@ZU?$less@K@std@@V?$allocator@U?$pair@$$CBKP8CDPCollectionSrvr@@AEXAAVCAr@@KPAEK@Z@std@@@4@$0A@@std@@@std@@IAEAAPAU_Node@?$_Tree_nod@V?$_Tmap_traits@KP8CDPCollectionSrvr@@AEXAAVCAr@@KPAEK@ZU?$less@K@std@@V?$allocator@U?$pair@$$CBKP8CDPCollectionSrvr@@AEXAAVCAr@@KPAEK@Z@std@@@4@$0A@@std@@@2@XZ 00403d20 f i DPCollectionSrvr.obj
 0001:00002d30       ??0?$allocator@U?$pair@$$CBKP8CDPCollectionSrvr@@AEXAAVCAr@@KPAEK@Z@std@@@std@@QAE@ABV01@@Z 00403d30 f i DPCollectionSrvr.obj
 0001:00002d40       ?deallocate@?$allocator@U_Node@?$_Tree_nod@V?$_Tmap_traits@KP8CDPCollectionSrvr@@AEXAAVCAr@@KPAEK@ZU?$less@K@std@@V?$allocator@U?$pair@$$CBKP8CDPCollectionSrvr@@AEXAAVCAr@@KPAEK@Z@std@@@4@$0A@@std@@@std@@@std@@QAEXPAU_Node@?$_Tree_nod@V?$_Tmap_traits@KP8CDPCollectionSrvr@@AEXAAVCAr@@KPAEK@ZU?$less@K@std@@V?$allocator@U?$pair@$$CBKP8CDPCollectionSrvr@@AEXAAVCAr@@KPAEK@Z@std@@@4@$0A@@std@@@2@I@Z 00403d40 f i DPCollectionSrvr.obj
 0001:00002d50       ??0const_iterator@?$_Tree@V?$_Tmap_traits@KP8CDPCollectionSrvr@@AEXAAVCAr@@KPAEK@ZU?$less@K@std@@V?$allocator@U?$pair@$$CBKP8CDPCollectionSrvr@@AEXAAVCAr@@KPAEK@Z@std@@@4@$0A@@std@@@std@@QAE@PAU_Node@?$_Tree_nod@V?$_Tmap_traits@KP8CDPCollectionSrvr@@AEXAAVCAr@@KPAEK@ZU?$less@K@std@@V?$allocator@U?$pair@$$CBKP8CDPCollectionSrvr@@AEXAAVCAr@@KPAEK@Z@std@@@4@$0A@@std@@@2@@Z 00403d50 f i DPCollectionSrvr.obj
 0001:00002d60       ??Dconst_iterator@?$_Tree@V?$_Tmap_traits@KP8CDPCollectionSrvr@@AEXAAVCAr@@KPAEK@ZU?$less@K@std@@V?$allocator@U?$pair@$$CBKP8CDPCollectionSrvr@@AEXAAVCAr@@KPAEK@Z@std@@@4@$0A@@std@@@std@@QBEABU?$pair@$$CBKP8CDPCollectionSrvr@@AEXAAVCAr@@KPAEK@Z@2@XZ 00403d60 f i DPCollectionSrvr.obj
 0001:00002d70       ?_Root@?$_Tree@V?$_Tmap_traits@KP8CDPCollectionSrvr@@AEXAAVCAr@@KPAEK@ZU?$less@K@std@@V?$allocator@U?$pair@$$CBKP8CDPCollectionSrvr@@AEXAAVCAr@@KPAEK@Z@std@@@4@$0A@@std@@@std@@IBEAAPAU_Node@?$_Tree_nod@V?$_Tmap_traits@KP8CDPCollectionSrvr@@AEXAAVCAr@@KPAEK@ZU?$less@K@std@@V?$allocator@U?$pair@$$CBKP8CDPCollectionSrvr@@AEXAAVCAr@@KPAEK@Z@std@@@4@$0A@@std@@@2@XZ 00403d70 f i DPCollectionSrvr.obj
 0001:00002d80       ?max_size@?$allocator@U?$pair@$$CBKP8CDPCollectionSrvr@@AEXAAVCAr@@KPAEK@Z@std@@@std@@QBEIXZ 00403d80 f i DPCollectionSrvr.obj
 0001:00002d90       ??0_Node@?$_Tree_nod@V?$_Tmap_traits@KP8CDPCollectionSrvr@@AEXAAVCAr@@KPAEK@ZU?$less@K@std@@V?$allocator@U?$pair@$$CBKP8CDPCollectionSrvr@@AEXAAVCAr@@KPAEK@Z@std@@@4@$0A@@std@@@std@@QAE@PAU012@00ABU?$pair@$$CBKP8CDPCollectionSrvr@@AEXAAVCAr@@KPAEK@Z@2@D@Z 00403d90 f i DPCollectionSrvr.obj
 0001:00002dd0       ?_Max@?$_Tree@V?$_Tmap_traits@KP8CDPCollectionSrvr@@AEXAAVCAr@@KPAEK@ZU?$less@K@std@@V?$allocator@U?$pair@$$CBKP8CDPCollectionSrvr@@AEXAAVCAr@@KPAEK@Z@std@@@4@$0A@@std@@@std@@KAPAU_Node@?$_Tree_nod@V?$_Tmap_traits@KP8CDPCollectionSrvr@@AEXAAVCAr@@KPAEK@ZU?$less@K@std@@V?$allocator@U?$pair@$$CBKP8CDPCollectionSrvr@@AEXAAVCAr@@KPAEK@Z@std@@@4@$0A@@std@@@2@PAU342@@Z 00403dd0 f i DPCollectionSrvr.obj
 0001:00002df0       ?_Min@?$_Tree@V?$_Tmap_traits@KP8CDPCollectionSrvr@@AEXAAVCAr@@KPAEK@ZU?$less@K@std@@V?$allocator@U?$pair@$$CBKP8CDPCollectionSrvr@@AEXAAVCAr@@KPAEK@Z@std@@@4@$0A@@std@@@std@@KAPAU_Node@?$_Tree_nod@V?$_Tmap_traits@KP8CDPCollectionSrvr@@AEXAAVCAr@@KPAEK@ZU?$less@K@std@@V?$allocator@U?$pair@$$CBKP8CDPCollectionSrvr@@AEXAAVCAr@@KPAEK@Z@std@@@4@$0A@@std@@@2@PAU342@@Z 00403df0 f i DPCollectionSrvr.obj
 0001:00002e10       ??0?$_Tmap_traits@KP8CDPCollectionSrvr@@AEXAAVCAr@@KPAEK@ZU?$less@K@std@@V?$allocator@U?$pair@$$CBKP8CDPCollectionSrvr@@AEXAAVCAr@@KPAEK@Z@std@@@4@$0A@@std@@QAE@U?$less@K@1@@Z 00403e10 f i DPCollectionSrvr.obj
 0001:00002e20       ?_Inc@const_iterator@?$_Tree@V?$_Tmap_traits@KP8CDPCollectionSrvr@@AEXAAVCAr@@KPAEK@ZU?$less@K@std@@V?$allocator@U?$pair@$$CBKP8CDPCollectionSrvr@@AEXAAVCAr@@KPAEK@Z@std@@@4@$0A@@std@@@std@@QAEXXZ 00403e20 f i DPCollectionSrvr.obj
 0001:00002e80       ??$_Destroy@PAU_Node@?$_Tree_nod@V?$_Tmap_traits@KP8CDPCollectionSrvr@@AEXAAVCAr@@KPAEK@ZU?$less@K@std@@V?$allocator@U?$pair@$$CBKP8CDPCollectionSrvr@@AEXAAVCAr@@KPAEK@Z@std@@@4@$0A@@std@@@std@@@std@@YAXPAPAU_Node@?$_Tree_nod@V?$_Tmap_traits@KP8CDPCollectionSrvr@@AEXAAVCAr@@KPAEK@ZU?$less@K@std@@V?$allocator@U?$pair@$$CBKP8CDPCollectionSrvr@@AEXAAVCAr@@KPAEK@Z@std@@@4@$0A@@std@@@0@@Z 00403e80 f i DPCollectionSrvr.obj
 0001:00002e90       ??$swap@D@std@@YAXAAD0@Z   00403e90 f i DPCollectionSrvr.obj
 0001:00002eb0       ??$?0U?$pair@$$CBKP8CDPCollectionSrvr@@AEXAAVCAr@@KPAEK@Z@std@@@?$allocator@PAU_Node@?$_Tree_nod@V?$_Tmap_traits@KP8CDPCollectionSrvr@@AEXAAVCAr@@KPAEK@ZU?$less@K@std@@V?$allocator@U?$pair@$$CBKP8CDPCollectionSrvr@@AEXAAVCAr@@KPAEK@Z@std@@@4@$0A@@std@@@std@@@std@@QAE@ABV?$allocator@U?$pair@$$CBKP8CDPCollectionSrvr@@AEXAAVCAr@@KPAEK@Z@std@@@1@@Z 00403eb0 f i DPCollectionSrvr.obj
 0001:00002ec0       ??$_Allocate@U_Node@?$_Tree_nod@V?$_Tmap_traits@KP8CDPCollectionSrvr@@AEXAAVCAr@@KPAEK@ZU?$less@K@std@@V?$allocator@U?$pair@$$CBKP8CDPCollectionSrvr@@AEXAAVCAr@@KPAEK@Z@std@@@4@$0A@@std@@@std@@@std@@YAPAU_Node@?$_Tree_nod@V?$_Tmap_traits@KP8CDPCollectionSrvr@@AEXAAVCAr@@KPAEK@ZU?$less@K@std@@V?$allocator@U?$pair@$$CBKP8CDPCollectionSrvr@@AEXAAVCAr@@KPAEK@Z@std@@@4@$0A@@std@@@0@IPAU120@@Z 00403ec0 f i DPCollectionSrvr.obj
 0001:00002ee0       ??$?0U?$pair@$$CBKP8CDPCollectionSrvr@@AEXAAVCAr@@KPAEK@Z@std@@@?$allocator@U_Node@?$_Tree_nod@V?$_Tmap_traits@KP8CDPCollectionSrvr@@AEXAAVCAr@@KPAEK@ZU?$less@K@std@@V?$allocator@U?$pair@$$CBKP8CDPCollectionSrvr@@AEXAAVCAr@@KPAEK@Z@std@@@4@$0A@@std@@@std@@@std@@QAE@ABV?$allocator@U?$pair@$$CBKP8CDPCollectionSrvr@@AEXAAVCAr@@KPAEK@Z@std@@@1@@Z 00403ee0 f i DPCollectionSrvr.obj
 0001:00002ef0       ??$_Destroy@U_Node@?$_Tree_nod@V?$_Tmap_traits@KP8CDPCollectionSrvr@@AEXAAVCAr@@KPAEK@ZU?$less@K@std@@V?$allocator@U?$pair@$$CBKP8CDPCollectionSrvr@@AEXAAVCAr@@KPAEK@Z@std@@@4@$0A@@std@@@std@@@std@@YAXPAU_Node@?$_Tree_nod@V?$_Tmap_traits@KP8CDPCollectionSrvr@@AEXAAVCAr@@KPAEK@ZU?$less@K@std@@V?$allocator@U?$pair@$$CBKP8CDPCollectionSrvr@@AEXAAVCAr@@KPAEK@Z@std@@@4@$0A@@std@@@0@@Z 00403ef0 f i DPCollectionSrvr.obj
 0001:00002f00       ??$_Construct@PAU_Node@?$_Tree_nod@V?$_Tmap_traits@KP8CDPCollectionSrvr@@AEXAAVCAr@@KPAEK@ZU?$less@K@std@@V?$allocator@U?$pair@$$CBKP8CDPCollectionSrvr@@AEXAAVCAr@@KPAEK@Z@std@@@4@$0A@@std@@@std@@PAU123@@std@@YAXPAPAU_Node@?$_Tree_nod@V?$_Tmap_traits@KP8CDPCollectionSrvr@@AEXAAVCAr@@KPAEK@ZU?$less@K@std@@V?$allocator@U?$pair@$$CBKP8CDPCollectionSrvr@@AEXAAVCAr@@KPAEK@Z@std@@@4@$0A@@std@@@0@ABQAU120@@Z 00403f00 f i DPCollectionSrvr.obj
 0001:00002f20       ??Dconst_iterator@?$deque@PAUtagDB_OVERLAPPED_PLUS@@V?$allocator@PAUtagDB_OVERLAPPED_PLUS@@@std@@@std@@QBEABQAUtagDB_OVERLAPPED_PLUS@@XZ 00403f20 f i DPCollectionSrvr.obj
 0001:00002f50       ??Yiterator@?$deque@PAUtagDB_OVERLAPPED_PLUS@@V?$allocator@PAUtagDB_OVERLAPPED_PLUS@@@std@@@std@@QAEAAV012@H@Z 00403f50 f i DPCollectionSrvr.obj
 0001:00002f70       ??0const_iterator@?$deque@PAUtagDB_OVERLAPPED_PLUS@@V?$allocator@PAUtagDB_OVERLAPPED_PLUS@@@std@@@std@@QAE@IPBV12@@Z 00403f70 f i DPCollectionSrvr.obj
 0001:00002f90       ??5CAr@@QAEAAV0@AAH@Z      00403f90 f i DPCollectionSrvr.obj
 0001:00002fd0       ??9const_iterator@?$_Tree@V?$_Tmap_traits@KP8CDPCollectionSrvr@@AEXAAVCAr@@KPAEK@ZU?$less@K@std@@V?$allocator@U?$pair@$$CBKP8CDPCollectionSrvr@@AEXAAVCAr@@KPAEK@Z@std@@@4@$0A@@std@@@std@@QBE_NABV012@@Z 00403fd0 f i DPCollectionSrvr.obj
 0001:00002ff0       ?_Key@?$_Tree@V?$_Tmap_traits@KP8CDPCollectionSrvr@@AEXAAVCAr@@KPAEK@ZU?$less@K@std@@V?$allocator@U?$pair@$$CBKP8CDPCollectionSrvr@@AEXAAVCAr@@KPAEK@Z@std@@@4@$0A@@std@@@std@@KAABKPAU_Node@?$_Tree_nod@V?$_Tmap_traits@KP8CDPCollectionSrvr@@AEXAAVCAr@@KPAEK@ZU?$less@K@std@@V?$allocator@U?$pair@$$CBKP8CDPCollectionSrvr@@AEXAAVCAr@@KPAEK@Z@std@@@4@$0A@@std@@@2@@Z 00403ff0 f i DPCollectionSrvr.obj
 0001:00003000       ?_Root@?$_Tree@V?$_Tmap_traits@KP8CDPCollectionSrvr@@AEXAAVCAr@@KPAEK@ZU?$less@K@std@@V?$allocator@U?$pair@$$CBKP8CDPCollectionSrvr@@AEXAAVCAr@@KPAEK@Z@std@@@4@$0A@@std@@@std@@IAEAAPAU_Node@?$_Tree_nod@V?$_Tmap_traits@KP8CDPCollectionSrvr@@AEXAAVCAr@@KPAEK@ZU?$less@K@std@@V?$allocator@U?$pair@$$CBKP8CDPCollectionSrvr@@AEXAAVCAr@@KPAEK@Z@std@@@4@$0A@@std@@@2@XZ 00404000 f i DPCollectionSrvr.obj
 0001:00003010       ??0iterator@?$_Tree@V?$_Tmap_traits@KP8CDPCollectionSrvr@@AEXAAVCAr@@KPAEK@ZU?$less@K@std@@V?$allocator@U?$pair@$$CBKP8CDPCollectionSrvr@@AEXAAVCAr@@KPAEK@Z@std@@@4@$0A@@std@@@std@@QAE@PAU_Node@?$_Tree_nod@V?$_Tmap_traits@KP8CDPCollectionSrvr@@AEXAAVCAr@@KPAEK@ZU?$less@K@std@@V?$allocator@U?$pair@$$CBKP8CDPCollectionSrvr@@AEXAAVCAr@@KPAEK@Z@std@@@4@$0A@@std@@@2@@Z 00404010 f i DPCollectionSrvr.obj
 0001:00003020       ??Diterator@?$_Tree@V?$_Tmap_traits@KP8CDPCollectionSrvr@@AEXAAVCAr@@KPAEK@ZU?$less@K@std@@V?$allocator@U?$pair@$$CBKP8CDPCollectionSrvr@@AEXAAVCAr@@KPAEK@Z@std@@@4@$0A@@std@@@std@@QBEAAU?$pair@$$CBKP8CDPCollectionSrvr@@AEXAAVCAr@@KPAEK@Z@2@XZ 00404020 f i DPCollectionSrvr.obj
 0001:00003030       ?max_size@?$_Tree@V?$_Tmap_traits@KP8CDPCollectionSrvr@@AEXAAVCAr@@KPAEK@ZU?$less@K@std@@V?$allocator@U?$pair@$$CBKP8CDPCollectionSrvr@@AEXAAVCAr@@KPAEK@Z@std@@@4@$0A@@std@@@std@@QBEIXZ 00404030 f i DPCollectionSrvr.obj
 0001:00003040       ?_Lbound@?$_Tree@V?$_Tmap_traits@KP8CDPCollectionSrvr@@AEXAAVCAr@@KPAEK@ZU?$less@K@std@@V?$allocator@U?$pair@$$CBKP8CDPCollectionSrvr@@AEXAAVCAr@@KPAEK@Z@std@@@4@$0A@@std@@@std@@IBEPAU_Node@?$_Tree_nod@V?$_Tmap_traits@KP8CDPCollectionSrvr@@AEXAAVCAr@@KPAEK@ZU?$less@K@std@@V?$allocator@U?$pair@$$CBKP8CDPCollectionSrvr@@AEXAAVCAr@@KPAEK@Z@std@@@4@$0A@@std@@@2@ABK@Z 00404040 f i DPCollectionSrvr.obj
 0001:00003070       ?_Lrotate@?$_Tree@V?$_Tmap_traits@KP8CDPCollectionSrvr@@AEXAAVCAr@@KPAEK@ZU?$less@K@std@@V?$allocator@U?$pair@$$CBKP8CDPCollectionSrvr@@AEXAAVCAr@@KPAEK@Z@std@@@4@$0A@@std@@@std@@IAEXPAU_Node@?$_Tree_nod@V?$_Tmap_traits@KP8CDPCollectionSrvr@@AEXAAVCAr@@KPAEK@ZU?$less@K@std@@V?$allocator@U?$pair@$$CBKP8CDPCollectionSrvr@@AEXAAVCAr@@KPAEK@Z@std@@@4@$0A@@std@@@2@@Z 00404070 f i DPCollectionSrvr.obj
 0001:000030d0       ?_Rrotate@?$_Tree@V?$_Tmap_traits@KP8CDPCollectionSrvr@@AEXAAVCAr@@KPAEK@ZU?$less@K@std@@V?$allocator@U?$pair@$$CBKP8CDPCollectionSrvr@@AEXAAVCAr@@KPAEK@Z@std@@@4@$0A@@std@@@std@@IAEXPAU_Node@?$_Tree_nod@V?$_Tmap_traits@KP8CDPCollectionSrvr@@AEXAAVCAr@@KPAEK@ZU?$less@K@std@@V?$allocator@U?$pair@$$CBKP8CDPCollectionSrvr@@AEXAAVCAr@@KPAEK@Z@std@@@4@$0A@@std@@@2@@Z 004040d0 f i DPCollectionSrvr.obj
 0001:00003130       ?destroy@?$allocator@PAU_Node@?$_Tree_nod@V?$_Tmap_traits@KP8CDPCollectionSrvr@@AEXAAVCAr@@KPAEK@ZU?$less@K@std@@V?$allocator@U?$pair@$$CBKP8CDPCollectionSrvr@@AEXAAVCAr@@KPAEK@Z@std@@@4@$0A@@std@@@std@@@std@@QAEXPAPAU_Node@?$_Tree_nod@V?$_Tmap_traits@KP8CDPCollectionSrvr@@AEXAAVCAr@@KPAEK@ZU?$less@K@std@@V?$allocator@U?$pair@$$CBKP8CDPCollectionSrvr@@AEXAAVCAr@@KPAEK@Z@std@@@4@$0A@@std@@@2@@Z 00404130 f i DPCollectionSrvr.obj
 0001:00003140       ?allocate@?$allocator@U_Node@?$_Tree_nod@V?$_Tmap_traits@KP8CDPCollectionSrvr@@AEXAAVCAr@@KPAEK@ZU?$less@K@std@@V?$allocator@U?$pair@$$CBKP8CDPCollectionSrvr@@AEXAAVCAr@@KPAEK@Z@std@@@4@$0A@@std@@@std@@@std@@QAEPAU_Node@?$_Tree_nod@V?$_Tmap_traits@KP8CDPCollectionSrvr@@AEXAAVCAr@@KPAEK@ZU?$less@K@std@@V?$allocator@U?$pair@$$CBKP8CDPCollectionSrvr@@AEXAAVCAr@@KPAEK@Z@std@@@4@$0A@@std@@@2@I@Z 00404140 f i DPCollectionSrvr.obj
 0001:00003160       ?_Dec@const_iterator@?$_Tree@V?$_Tmap_traits@KP8CDPCollectionSrvr@@AEXAAVCAr@@KPAEK@ZU?$less@K@std@@V?$allocator@U?$pair@$$CBKP8CDPCollectionSrvr@@AEXAAVCAr@@KPAEK@Z@std@@@4@$0A@@std@@@std@@QAEXXZ 00404160 f i DPCollectionSrvr.obj
 0001:000031c0       ??0?$_Tree_nod@V?$_Tmap_traits@KP8CDPCollectionSrvr@@AEXAAVCAr@@KPAEK@ZU?$less@K@std@@V?$allocator@U?$pair@$$CBKP8CDPCollectionSrvr@@AEXAAVCAr@@KPAEK@Z@std@@@4@$0A@@std@@@std@@IAE@ABU?$less@K@1@V?$allocator@U?$pair@$$CBKP8CDPCollectionSrvr@@AEXAAVCAr@@KPAEK@Z@std@@@1@@Z 004041c0 f i DPCollectionSrvr.obj
 0001:000031d0       ?destroy@?$allocator@U_Node@?$_Tree_nod@V?$_Tmap_traits@KP8CDPCollectionSrvr@@AEXAAVCAr@@KPAEK@ZU?$less@K@std@@V?$allocator@U?$pair@$$CBKP8CDPCollectionSrvr@@AEXAAVCAr@@KPAEK@Z@std@@@4@$0A@@std@@@std@@@std@@QAEXPAU_Node@?$_Tree_nod@V?$_Tmap_traits@KP8CDPCollectionSrvr@@AEXAAVCAr@@KPAEK@ZU?$less@K@std@@V?$allocator@U?$pair@$$CBKP8CDPCollectionSrvr@@AEXAAVCAr@@KPAEK@Z@std@@@4@$0A@@std@@@2@@Z 004041d0 f i DPCollectionSrvr.obj
 0001:000031e0       ?construct@?$allocator@PAU_Node@?$_Tree_nod@V?$_Tmap_traits@KP8CDPCollectionSrvr@@AEXAAVCAr@@KPAEK@ZU?$less@K@std@@V?$allocator@U?$pair@$$CBKP8CDPCollectionSrvr@@AEXAAVCAr@@KPAEK@Z@std@@@4@$0A@@std@@@std@@@std@@QAEXPAPAU_Node@?$_Tree_nod@V?$_Tmap_traits@KP8CDPCollectionSrvr@@AEXAAVCAr@@KPAEK@ZU?$less@K@std@@V?$allocator@U?$pair@$$CBKP8CDPCollectionSrvr@@AEXAAVCAr@@KPAEK@Z@std@@@4@$0A@@std@@@2@ABQAU342@@Z 004041e0 f i DPCollectionSrvr.obj
 0001:00003200       ??Econst_iterator@?$_Tree@V?$_Tmap_traits@KP8CDPCollectionSrvr@@AEXAAVCAr@@KPAEK@ZU?$less@K@std@@V?$allocator@U?$pair@$$CBKP8CDPCollectionSrvr@@AEXAAVCAr@@KPAEK@Z@std@@@4@$0A@@std@@@std@@QAEAAV012@XZ 00404200 f i DPCollectionSrvr.obj
 0001:00003210       ?empty@?$stack@PAUtagDB_OVERLAPPED_PLUS@@V?$deque@PAUtagDB_OVERLAPPED_PLUS@@V?$allocator@PAUtagDB_OVERLAPPED_PLUS@@@std@@@std@@@std@@QBE_NXZ 00404210 f i DPCollectionSrvr.obj
 0001:00003220       ??Diterator@?$deque@PAUtagDB_OVERLAPPED_PLUS@@V?$allocator@PAUtagDB_OVERLAPPED_PLUS@@@std@@@std@@QBEAAPAUtagDB_OVERLAPPED_PLUS@@XZ 00404220 f i DPCollectionSrvr.obj
 0001:00003250       ??0iterator@?$deque@PAUtagDB_OVERLAPPED_PLUS@@V?$allocator@PAUtagDB_OVERLAPPED_PLUS@@@std@@@std@@QAE@IPBV12@@Z 00404250 f i DPCollectionSrvr.obj
 0001:00003270       ??Ziterator@?$deque@PAUtagDB_OVERLAPPED_PLUS@@V?$allocator@PAUtagDB_OVERLAPPED_PLUS@@@std@@@std@@QAEAAV012@H@Z 00404270 f i DPCollectionSrvr.obj
 0001:00003290       ?end@?$_Tree@V?$_Tmap_traits@KP8CDPCollectionSrvr@@AEXAAVCAr@@KPAEK@ZU?$less@K@std@@V?$allocator@U?$pair@$$CBKP8CDPCollectionSrvr@@AEXAAVCAr@@KPAEK@Z@std@@@4@$0A@@std@@@std@@QAE?AViterator@12@XZ 00404290 f i DPCollectionSrvr.obj
 0001:000032a0       ??Citerator@?$_Tree@V?$_Tmap_traits@KP8CDPCollectionSrvr@@AEXAAVCAr@@KPAEK@ZU?$less@K@std@@V?$allocator@U?$pair@$$CBKP8CDPCollectionSrvr@@AEXAAVCAr@@KPAEK@Z@std@@@4@$0A@@std@@@std@@QBEPAU?$pair@$$CBKP8CDPCollectionSrvr@@AEXAAVCAr@@KPAEK@Z@2@XZ 004042a0 f i DPCollectionSrvr.obj
 0001:000032b0       ?begin@?$_Tree@V?$_Tmap_traits@KP8CDPCollectionSrvr@@AEXAAVCAr@@KPAEK@ZU?$less@K@std@@V?$allocator@U?$pair@$$CBKP8CDPCollectionSrvr@@AEXAAVCAr@@KPAEK@Z@std@@@4@$0A@@std@@@std@@QAE?AViterator@12@XZ 004042b0 f i DPCollectionSrvr.obj
 0001:000032c0       ?lower_bound@?$_Tree@V?$_Tmap_traits@KP8CDPCollectionSrvr@@AEXAAVCAr@@KPAEK@ZU?$less@K@std@@V?$allocator@U?$pair@$$CBKP8CDPCollectionSrvr@@AEXAAVCAr@@KPAEK@Z@std@@@4@$0A@@std@@@std@@QAE?AViterator@12@ABK@Z 004042c0 f i DPCollectionSrvr.obj
 0001:00003300       ?_Buynode@?$_Tree@V?$_Tmap_traits@KP8CDPCollectionSrvr@@AEXAAVCAr@@KPAEK@ZU?$less@K@std@@V?$allocator@U?$pair@$$CBKP8CDPCollectionSrvr@@AEXAAVCAr@@KPAEK@Z@std@@@4@$0A@@std@@@std@@IAEPAU_Node@?$_Tree_nod@V?$_Tmap_traits@KP8CDPCollectionSrvr@@AEXAAVCAr@@KPAEK@ZU?$less@K@std@@V?$allocator@U?$pair@$$CBKP8CDPCollectionSrvr@@AEXAAVCAr@@KPAEK@Z@std@@@4@$0A@@std@@@2@PAU342@00ABU?$pair@$$CBKP8CDPCollectionSrvr@@AEXAAVCAr@@KPAEK@Z@2@D@Z 00404300 f i DPCollectionSrvr.obj
 0001:00003340       ??Fconst_iterator@?$_Tree@V?$_Tmap_traits@KP8CDPCollectionSrvr@@AEXAAVCAr@@KPAEK@ZU?$less@K@std@@V?$allocator@U?$pair@$$CBKP8CDPCollectionSrvr@@AEXAAVCAr@@KPAEK@Z@std@@@4@$0A@@std@@@std@@QAEAAV012@XZ 00404340 f i DPCollectionSrvr.obj
 0001:00003350       ?_Buynode@?$_Tree@V?$_Tmap_traits@KP8CDPCollectionSrvr@@AEXAAVCAr@@KPAEK@ZU?$less@K@std@@V?$allocator@U?$pair@$$CBKP8CDPCollectionSrvr@@AEXAAVCAr@@KPAEK@Z@std@@@4@$0A@@std@@@std@@IAEPAU_Node@?$_Tree_nod@V?$_Tmap_traits@KP8CDPCollectionSrvr@@AEXAAVCAr@@KPAEK@ZU?$less@K@std@@V?$allocator@U?$pair@$$CBKP8CDPCollectionSrvr@@AEXAAVCAr@@KPAEK@Z@std@@@4@$0A@@std@@@2@XZ 00404350 f i DPCollectionSrvr.obj
 0001:00003390       ??0?$_Tree_ptr@V?$_Tmap_traits@KP8CDPCollectionSrvr@@AEXAAVCAr@@KPAEK@ZU?$less@K@std@@V?$allocator@U?$pair@$$CBKP8CDPCollectionSrvr@@AEXAAVCAr@@KPAEK@Z@std@@@4@$0A@@std@@@std@@IAE@ABU?$less@K@1@V?$allocator@U?$pair@$$CBKP8CDPCollectionSrvr@@AEXAAVCAr@@KPAEK@Z@std@@@1@@Z 00404390 f i DPCollectionSrvr.obj
 0001:000033a0       ?_Erase@?$_Tree@V?$_Tmap_traits@KP8CDPCollectionSrvr@@AEXAAVCAr@@KPAEK@ZU?$less@K@std@@V?$allocator@U?$pair@$$CBKP8CDPCollectionSrvr@@AEXAAVCAr@@KPAEK@Z@std@@@4@$0A@@std@@@std@@IAEXPAU_Node@?$_Tree_nod@V?$_Tmap_traits@KP8CDPCollectionSrvr@@AEXAAVCAr@@KPAEK@ZU?$less@K@std@@V?$allocator@U?$pair@$$CBKP8CDPCollectionSrvr@@AEXAAVCAr@@KPAEK@Z@std@@@4@$0A@@std@@@2@@Z 004043a0 f i DPCollectionSrvr.obj
 0001:000033e0       ??Eiterator@?$_Tree@V?$_Tmap_traits@KP8CDPCollectionSrvr@@AEXAAVCAr@@KPAEK@ZU?$less@K@std@@V?$allocator@U?$pair@$$CBKP8CDPCollectionSrvr@@AEXAAVCAr@@KPAEK@Z@std@@@4@$0A@@std@@@std@@QAEAAV012@XZ 004043e0 f i DPCollectionSrvr.obj
 0001:000033f0       ?end@?$deque@PAUtagDB_OVERLAPPED_PLUS@@V?$allocator@PAUtagDB_OVERLAPPED_PLUS@@@std@@@std@@QAE?AViterator@12@XZ 004043f0 f i DPCollectionSrvr.obj
 0001:00003410       ??Giterator@?$deque@PAUtagDB_OVERLAPPED_PLUS@@V?$allocator@PAUtagDB_OVERLAPPED_PLUS@@@std@@@std@@QBE?AV012@H@Z 00404410 f i DPCollectionSrvr.obj
 0001:00003430       ?find@?$_Tree@V?$_Tmap_traits@KP8CDPCollectionSrvr@@AEXAAVCAr@@KPAEK@ZU?$less@K@std@@V?$allocator@U?$pair@$$CBKP8CDPCollectionSrvr@@AEXAAVCAr@@KPAEK@Z@std@@@4@$0A@@std@@@std@@QAE?AViterator@12@ABK@Z 00404430 f i DPCollectionSrvr.obj
 0001:000034a0       ??Fiterator@?$_Tree@V?$_Tmap_traits@KP8CDPCollectionSrvr@@AEXAAVCAr@@KPAEK@ZU?$less@K@std@@V?$allocator@U?$pair@$$CBKP8CDPCollectionSrvr@@AEXAAVCAr@@KPAEK@Z@std@@@4@$0A@@std@@@std@@QAEAAV012@XZ 004044a0 f i DPCollectionSrvr.obj
 0001:000034b0       ?_Init@?$_Tree@V?$_Tmap_traits@KP8CDPCollectionSrvr@@AEXAAVCAr@@KPAEK@ZU?$less@K@std@@V?$allocator@U?$pair@$$CBKP8CDPCollectionSrvr@@AEXAAVCAr@@KPAEK@Z@std@@@4@$0A@@std@@@std@@IAEXXZ 004044b0 f i DPCollectionSrvr.obj
 0001:000034e0       ??0?$_Tree_val@V?$_Tmap_traits@KP8CDPCollectionSrvr@@AEXAAVCAr@@KPAEK@ZU?$less@K@std@@V?$allocator@U?$pair@$$CBKP8CDPCollectionSrvr@@AEXAAVCAr@@KPAEK@Z@std@@@4@$0A@@std@@@std@@IAE@ABU?$less@K@1@V?$allocator@U?$pair@$$CBKP8CDPCollectionSrvr@@AEXAAVCAr@@KPAEK@Z@std@@@1@@Z 004044e0 f i DPCollectionSrvr.obj
 0001:000034f0       ?clear@?$_Tree@V?$_Tmap_traits@KP8CDPCollectionSrvr@@AEXAAVCAr@@KPAEK@ZU?$less@K@std@@V?$allocator@U?$pair@$$CBKP8CDPCollectionSrvr@@AEXAAVCAr@@KPAEK@Z@std@@@4@$0A@@std@@@std@@QAEXXZ 004044f0 f i DPCollectionSrvr.obj
 0001:00003520       ??Eiterator@?$_Tree@V?$_Tmap_traits@KP8CDPCollectionSrvr@@AEXAAVCAr@@KPAEK@ZU?$less@K@std@@V?$allocator@U?$pair@$$CBKP8CDPCollectionSrvr@@AEXAAVCAr@@KPAEK@Z@std@@@4@$0A@@std@@@std@@QAE?AV012@H@Z 00404520 f i DPCollectionSrvr.obj
 0001:00003540       ?pop@?$stack@PAUtagDB_OVERLAPPED_PLUS@@V?$deque@PAUtagDB_OVERLAPPED_PLUS@@V?$allocator@PAUtagDB_OVERLAPPED_PLUS@@@std@@@std@@@std@@QAEXXZ 00404540 f i DPCollectionSrvr.obj
 0001:00003560       ?back@?$deque@PAUtagDB_OVERLAPPED_PLUS@@V?$allocator@PAUtagDB_OVERLAPPED_PLUS@@@std@@@std@@QAEAAPAUtagDB_OVERLAPPED_PLUS@@XZ 00404560 f i DPCollectionSrvr.obj
 0001:00003590       ?GetHandler@CDPCollectionSrvr@@AAEP81@AEXAAVCAr@@KPAEK@ZK@Z 00404590 f i DPCollectionSrvr.obj
 0001:000035c0       ?UserMessageHandler@CDPCollectionSrvr@@UAEXPAUDPMSG_GENERIC@@KK@Z 004045c0 f   DPCollectionSrvr.obj
 0001:000036b0       ??0?$_Tree@V?$_Tmap_traits@KP8CDPCollectionSrvr@@AEXAAVCAr@@KPAEK@ZU?$less@K@std@@V?$allocator@U?$pair@$$CBKP8CDPCollectionSrvr@@AEXAAVCAr@@KPAEK@Z@std@@@4@$0A@@std@@@std@@QAE@ABU?$less@K@1@ABV?$allocator@U?$pair@$$CBKP8CDPCollectionSrvr@@AEXAAVCAr@@KPAEK@Z@std@@@1@@Z 004046b0 f i DPCollectionSrvr.obj
 0001:000036e0       ?top@?$stack@PAUtagDB_OVERLAPPED_PLUS@@V?$deque@PAUtagDB_OVERLAPPED_PLUS@@V?$allocator@PAUtagDB_OVERLAPPED_PLUS@@@std@@@std@@@std@@QAEAAPAUtagDB_OVERLAPPED_PLUS@@XZ 004046e0 f i DPCollectionSrvr.obj
 0001:00003710       ??0out_of_range@std@@QAE@ABV?$basic_string@DU?$char_traits@D@std@@V?$allocator@D@2@@1@@Z 00404710 f i DPCollectionSrvr.obj
 0001:00003730       ??_Gout_of_range@std@@UAEPAXI@Z 00404730 f i DPCollectionSrvr.obj
 0001:00003730       ??_Eout_of_range@std@@UAEPAXI@Z 00404730 f i DPCollectionSrvr.obj
 0001:00003750       ??1out_of_range@std@@UAE@XZ 00404750 f i DPCollectionSrvr.obj
 0001:00003790       ?_Insert@?$_Tree@V?$_Tmap_traits@KP8CDPCollectionSrvr@@AEXAAVCAr@@KPAEK@ZU?$less@K@std@@V?$allocator@U?$pair@$$CBKP8CDPCollectionSrvr@@AEXAAVCAr@@KPAEK@Z@std@@@4@$0A@@std@@@std@@IAE?AViterator@12@_NPAU_Node@?$_Tree_nod@V?$_Tmap_traits@KP8CDPCollectionSrvr@@AEXAAVCAr@@KPAEK@ZU?$less@K@std@@V?$allocator@U?$pair@$$CBKP8CDPCollectionSrvr@@AEXAAVCAr@@KPAEK@Z@std@@@4@$0A@@std@@@2@ABU?$pair@$$CBKP8CDPCollectionSrvr@@AEXAAVCAr@@KPAEK@Z@2@@Z 00404790 f i DPCollectionSrvr.obj
 0001:00003940       ?erase@?$_Tree@V?$_Tmap_traits@KP8CDPCollectionSrvr@@AEXAAVCAr@@KPAEK@ZU?$less@K@std@@V?$allocator@U?$pair@$$CBKP8CDPCollectionSrvr@@AEXAAVCAr@@KPAEK@Z@std@@@4@$0A@@std@@@std@@QAE?AViterator@12@V312@@Z 00404940 f i DPCollectionSrvr.obj
 0001:00003c00       ??0out_of_range@std@@QAE@ABV01@@Z 00404c00 f i DPCollectionSrvr.obj
 0001:00003c20       ?insert@?$_Tree@V?$_Tmap_traits@KP8CDPCollectionSrvr@@AEXAAVCAr@@KPAEK@ZU?$less@K@std@@V?$allocator@U?$pair@$$CBKP8CDPCollectionSrvr@@AEXAAVCAr@@KPAEK@Z@std@@@4@$0A@@std@@@std@@QAE?AU?$pair@Viterator@?$_Tree@V?$_Tmap_traits@KP8CDPCollectionSrvr@@AEXAAVCAr@@KPAEK@ZU?$less@K@std@@V?$allocator@U?$pair@$$CBKP8CDPCollectionSrvr@@AEXAAVCAr@@KPAEK@Z@std@@@4@$0A@@std@@@std@@_N@2@ABU?$pair@$$CBKP8CDPCollectionSrvr@@AEXAAVCAr@@KPAEK@Z@2@@Z 00404c20 f i DPCollectionSrvr.obj
 0001:00003ce0       ?erase@?$_Tree@V?$_Tmap_traits@KP8CDPCollectionSrvr@@AEXAAVCAr@@KPAEK@ZU?$less@K@std@@V?$allocator@U?$pair@$$CBKP8CDPCollectionSrvr@@AEXAAVCAr@@KPAEK@Z@std@@@4@$0A@@std@@@std@@QAE?AViterator@12@V312@0@Z 00404ce0 f i DPCollectionSrvr.obj
 0001:00003da0       ?_Tidy@?$_Tree@V?$_Tmap_traits@KP8CDPCollectionSrvr@@AEXAAVCAr@@KPAEK@ZU?$less@K@std@@V?$allocator@U?$pair@$$CBKP8CDPCollectionSrvr@@AEXAAVCAr@@KPAEK@Z@std@@@4@$0A@@std@@@std@@IAEXXZ 00404da0 f i DPCollectionSrvr.obj
 0001:00003dd0       ??1?$_Tree@V?$_Tmap_traits@KP8CDPCollectionSrvr@@AEXAAVCAr@@KPAEK@ZU?$less@K@std@@V?$allocator@U?$pair@$$CBKP8CDPCollectionSrvr@@AEXAAVCAr@@KPAEK@Z@std@@@4@$0A@@std@@@std@@QAE@XZ 00404dd0 f i DPCollectionSrvr.obj
 0001:00003e00       ??1?$map@KP8CDPCollectionSrvr@@AEXAAVCAr@@KPAEK@ZU?$less@K@std@@V?$allocator@U?$pair@$$CBKP8CDPCollectionSrvr@@AEXAAVCAr@@KPAEK@Z@std@@@4@@std@@QAE@XZ 00404e00 f i DPCollectionSrvr.obj
 0001:00003e30       ??1CDPCollectionSrvr@@UAE@XZ 00404e30 f   DPCollectionSrvr.obj
 0001:00003eb0       ??0?$map@KP8CDPCollectionSrvr@@AEXAAVCAr@@KPAEK@ZU?$less@K@std@@V?$allocator@U?$pair@$$CBKP8CDPCollectionSrvr@@AEXAAVCAr@@KPAEK@Z@std@@@4@@std@@QAE@XZ 00404eb0 f i DPCollectionSrvr.obj
 0001:00003ee0       ??_GCDPCollectionSrvr@@UAEPAXI@Z 00404ee0 f i DPCollectionSrvr.obj
 0001:00003ee0       ??_ECDPCollectionSrvr@@UAEPAXI@Z 00404ee0 f i DPCollectionSrvr.obj
 0001:00003f00       ?Alloc@?$CMemPool@UtagDB_OVERLAPPED_PLUS@@@@QAEPAUtagDB_OVERLAPPED_PLUS@@XZ 00404f00 f i DPCollectionSrvr.obj
 0001:00003fa0       ?OnCollectionCertify@CDPCollectionSrvr@@AAEXAAVCAr@@KPAEK@Z 00404fa0 f   DPCollectionSrvr.obj
 0001:000040f0       ??0CDPCollectionSrvr@@QAE@XZ 004050f0 f   DPCollectionSrvr.obj
 0001:00004190       ?GetInstance@CDPCollectionSrvr@@SAPAV1@XZ 00405190 f   DPCollectionSrvr.obj
 0001:000041f0       ?Allocate@CCRTAllocator@ATL@@SAPAXI@Z 004051f0 f i StdAfx.obj
 0001:00004200       ?Free@CCRTAllocator@ATL@@SAXPAX@Z 00405200 f i StdAfx.obj
 0001:00004210       ?_AtlVerifyStackAvailable@_ATL_SAFE_ALLOCA_IMPL@ATL@@YA_NK@Z 00405210 f i StdAfx.obj
 0001:000042a0       ?AtlA2WHelper@@YGPAGPAGPBDHI@Z 004052a0 f i StdAfx.obj
 0001:000042e0       ?AtlW2AHelper@@YGPADPADPBGHI@Z 004052e0 f i StdAfx.obj
 0001:00004320       ?AtlThrowLastWin32@ATL@@YGXXZ 00405320 f i StdAfx.obj
 0001:00004340       ?_AtlInstallStringThunk@ATL@@YAXPAPAXPAX1@Z 00405340 f i StdAfx.obj
 0001:00004380       ?lstrcmpiWFake@ATL@@YGHPBG0@Z 00405380 f i StdAfx.obj
 0001:00004450       ?lstrcmpiWThunk@ATL@@YGHPBG0@Z 00405450 f i StdAfx.obj
 0001:000044a0       ?CharLowerWFake@ATL@@YGPAGPAG@Z 004054a0 f i StdAfx.obj
 0001:00004560       ?CharLowerWThunk@ATL@@YGPAGPAG@Z 00405560 f i StdAfx.obj
 0001:000045b0       ?CharUpperWFake@ATL@@YGPAGPAG@Z 004055b0 f i StdAfx.obj
 0001:00004670       ?CharUpperWThunk@ATL@@YGPAGPAG@Z 00405670 f i StdAfx.obj
 0001:000046c0       ??0?$CAtlSafeAllocBufferManager@VCCRTAllocator@ATL@@@_ATL_SAFE_ALLOCA_IMPL@ATL@@QAE@XZ 004056c0 f i StdAfx.obj
 0001:000046d0       ??1?$CAtlSafeAllocBufferManager@VCCRTAllocator@ATL@@@_ATL_SAFE_ALLOCA_IMPL@ATL@@QAE@XZ 004056d0 f i StdAfx.obj
 0001:000046f0       ??0?$CTempBuffer@D$0IA@VCCRTAllocator@ATL@@@ATL@@QAE@XZ 004056f0 f i StdAfx.obj
 0001:00004700       ??B?$CTempBuffer@D$0IA@VCCRTAllocator@ATL@@@ATL@@QBEPADXZ 00405700 f i StdAfx.obj
 0001:00004710       ??1?$CW2AEX@$0IA@@ATL@@QAE@XZ 00405710 f i StdAfx.obj
 0001:00004730       ??B?$CW2AEX@$0IA@@ATL@@QBEPADXZ 00405730 f i StdAfx.obj
 0001:00004740       ?FreeHeap@?$CTempBuffer@D$0IA@VCCRTAllocator@ATL@@@ATL@@AAEXXZ 00405740 f i StdAfx.obj
 0001:00004750       ?Init@?$CW2AEX@$0IA@@ATL@@AAEXPBGI@Z 00405750 f i StdAfx.obj
 0001:000047c0       ?StringFindString@?$ChTraitsCRT@D@ATL@@SAPBDPBD0@Z 004057c0 f i StdAfx.obj
 0001:000047d0       ?StringUppercase@?$ChTraitsCRT@D@ATL@@SAPADPAD@Z 004057d0 f i StdAfx.obj
 0001:000047e0       ?GetData@CAtlSafeAllocBufferNode@?$CAtlSafeAllocBufferManager@VCCRTAllocator@ATL@@@_ATL_SAFE_ALLOCA_IMPL@ATL@@QAEPAXXZ 004057e0 f i StdAfx.obj
 0001:000047f0       ?AllocateHeap@?$CTempBuffer@D$0IA@VCCRTAllocator@ATL@@@ATL@@AAEXI@Z 004057f0 f i StdAfx.obj
 0001:00004820       ?Allocate@?$CAtlSafeAllocBufferManager@VCCRTAllocator@ATL@@@_ATL_SAFE_ALLOCA_IMPL@ATL@@QAEPAXK@Z 00405820 f i StdAfx.obj
 0001:00004850       ??1?$CTempBuffer@D$0IA@VCCRTAllocator@ATL@@@ATL@@QAE@XZ 00405850 f i StdAfx.obj
 0001:00004860       ??0?$CW2AEX@$0IA@@ATL@@QAE@PBG@Z 00405860 f i StdAfx.obj
 0001:00004890       ?AllocateBytes@?$CTempBuffer@D$0IA@VCCRTAllocator@ATL@@@ATL@@QAEPADI@Z 00405890 f i StdAfx.obj
 0001:000048c0       ?CompareStringWFake@ATL@@YGHKKPBGH0H@Z 004058c0 f i StdAfx.obj
 0001:00004a20       ?CompareStringWThunk@ATL@@YGHKKPBGH0H@Z 00405a20 f i StdAfx.obj
 0001:00004a70       ?Allocate@?$CTempBuffer@D$0IA@VCCRTAllocator@ATL@@@ATL@@QAEPADI@Z 00405a70 f i StdAfx.obj
 0001:00004aa0       ??0?$CStringT@DV?$StrTraitMFC@DV?$ChTraitsCRT@D@ATL@@@@@ATL@@QAE@XZ 00405aa0 f i StdAfx.obj
 0001:00004ac0       ?Find@?$CStringT@DV?$StrTraitMFC@DV?$ChTraitsCRT@D@ATL@@@@@ATL@@QBEHPBDH@Z 00405ac0 f i StdAfx.obj
 0001:00004b00       ?GetEnvironmentVariableWFake@ATL@@YGKPBGPAGK@Z 00405b00 f i StdAfx.obj
 0001:00004ca0       ?GetEnvironmentVariableWThunk@ATL@@YGKPBGPAGK@Z 00405ca0 f i StdAfx.obj
 0001:00004cf0       ?GetStringTypeExWFake@ATL@@YGHKKPBGHPAG@Z 00405cf0 f i StdAfx.obj
 0001:00004de0       ?GetStringTypeExWThunk@ATL@@YGHKKPBGHPAG@Z 00405de0 f i StdAfx.obj
 0001:00004e30       ?MakeUpper@?$CStringT@DV?$StrTraitMFC@DV?$ChTraitsCRT@D@ATL@@@@@ATL@@QAEAAV12@XZ 00405e30 f i StdAfx.obj
 0001:00004e90       ?KillProcess@@YAHV?$CStringT@DV?$StrTraitMFC@DV?$ChTraitsCRT@D@ATL@@@@@ATL@@@Z 00405e90 f   StdAfx.obj
 0001:00005110       ?Restart@CRC32@@QAEXXZ     00406110 f i buffer.obj
 0001:00005120       ?DigestSize@CRC32@@QBEIXZ  00406120 f i buffer.obj
 0001:00005130       ?GetWritableBuffer@CBuffer@@QAEPAEPAH@Z 00406130 f i buffer.obj
 0001:00005150       ?GetWritableBufferSize@CBuffer@@QAEHXZ 00406150 f i buffer.obj
 0001:00005160       ?GetReadableBuffer@CBuffer@@QAEPAEPAH@Z 00406160 f i buffer.obj
 0001:00005180       ?GetReadableBufferSize@CBuffer@@QAEHXZ 00406180 f i buffer.obj
 0001:00005190       ?GetHead@CBufferQueue@@QAEPAVCBuffer@@XZ 00406190 f i buffer.obj
 0001:000051a0       ?GetTail@CBufferQueue@@QAEPAVCBuffer@@XZ 004061a0 f i buffer.obj
 0001:000051b0       ?IsEmpty@CBufferQueue@@QAEHXZ 004061b0 f i buffer.obj
 0001:000051c0       ?RemoveHead@CBufferQueue@@QAEXXZ 004061c0 f i buffer.obj
 0001:00005200       ??0CBuffer@@QAE@K@Z        00406200 f   buffer.obj
 0001:00005270       ?GetPacketSize@CBuffer@@UAEKPAE@Z 00406270 f i buffer.obj
 0001:00005280       ?SetHeader@CBuffer@@UAEXK@Z 00406280 f i buffer.obj
 0001:000052b0       ??1CBuffer@@UAE@XZ         004062b0 f   buffer.obj
 0001:000052e0       ?RemoveData@CBufferQueue@@QAEXK@Z 004062e0 f   buffer.obj
 0001:00005360       ?GetData@CBufferQueue@@QAEXPAU_WSABUF@@PAK@Z 00406360 f   buffer.obj
 0001:000053b0       ??0CBufferFactory@@AAE@XZ  004063b0 f   buffer.obj
 0001:000053c0       ?GetInstance@CBufferFactory@@SAAAV1@XZ 004063c0 f   buffer.obj
 0001:000053e0       ?Free@?$MemPooler@VCBuffer@@@@QAEHPAVCBuffer@@@Z 004063e0 f i buffer.obj
 0001:00005430       ?Free@?$MemPooler@VCBuffer2@@@@QAEHPAVCBuffer2@@@Z 00406430 f i buffer.obj
 0001:00005480       ??0?$allocator@PAX@std@@QAE@XZ 00406480 f i buffer.obj
 0001:00005490       ??0?$allocator@PAX@std@@QAE@ABV01@@Z 00406490 f i buffer.obj
 0001:000054a0       ?_Nextnode@?$list@PAXV?$allocator@PAX@std@@@std@@KAAAPAU_Node@?$_List_nod@PAXV?$allocator@PAX@std@@@2@PAU342@@Z 004064a0 f i buffer.obj
 0001:000054b0       ?_Prevnode@?$list@PAXV?$allocator@PAX@std@@@std@@KAAAPAU_Node@?$_List_nod@PAXV?$allocator@PAX@std@@@2@PAU342@@Z 004064b0 f i buffer.obj
 0001:000054c0       ?deallocate@?$allocator@U_Node@?$_List_nod@PAXV?$allocator@PAX@std@@@std@@@std@@QAEXPAU_Node@?$_List_nod@PAXV?$allocator@PAX@std@@@2@I@Z 004064c0 f i buffer.obj
 0001:000054d0       ?_Mynode@const_iterator@?$list@PAXV?$allocator@PAX@std@@@std@@QBEPAU_Node@?$_List_nod@PAXV?$allocator@PAX@std@@@3@XZ 004064d0 f i buffer.obj
 0001:000054e0       ??0const_iterator@?$list@PAXV?$allocator@PAX@std@@@std@@QAE@PAU_Node@?$_List_nod@PAXV?$allocator@PAX@std@@@2@@Z 004064e0 f i buffer.obj
 0001:000054f0       ??0_Node@?$_List_nod@PAXV?$allocator@PAX@std@@@std@@QAE@PAU012@0ABQAX@Z 004064f0 f i buffer.obj
 0001:00005510       ?max_size@?$allocator@PAX@std@@QBEIXZ 00406510 f i buffer.obj
 0001:00005520       ??$?0PAX@?$allocator@PAU_Node@?$_List_nod@PAXV?$allocator@PAX@std@@@std@@@std@@QAE@ABV?$allocator@PAX@1@@Z 00406520 f i buffer.obj
 0001:00005530       ??$_Allocate@U_Node@?$_List_nod@PAXV?$allocator@PAX@std@@@std@@@std@@YAPAU_Node@?$_List_nod@PAXV?$allocator@PAX@std@@@0@IPAU120@@Z 00406530 f i buffer.obj
 0001:00005550       ??$_Construct@PAU_Node@?$_List_nod@PAXV?$allocator@PAX@std@@@std@@PAU123@@std@@YAXPAPAU_Node@?$_List_nod@PAXV?$allocator@PAX@std@@@0@ABQAU120@@Z 00406550 f i buffer.obj
 0001:00005570       ??$_Destroy@PAU_Node@?$_List_nod@PAXV?$allocator@PAX@std@@@std@@@std@@YAXPAPAU_Node@?$_List_nod@PAXV?$allocator@PAX@std@@@0@@Z 00406570 f i buffer.obj
 0001:00005580       ??$?0PAX@?$allocator@U_Node@?$_List_nod@PAXV?$allocator@PAX@std@@@std@@@std@@QAE@ABV?$allocator@PAX@1@@Z 00406580 f i buffer.obj
 0001:00005590       ??$_Destroy@U_Node@?$_List_nod@PAXV?$allocator@PAX@std@@@std@@@std@@YAXPAU_Node@?$_List_nod@PAXV?$allocator@PAX@std@@@0@@Z 00406590 f i buffer.obj
 0001:000055a0       ?Final@CRC32@@QAEXPAE@Z    004065a0 f i buffer.obj
 0001:000055b0       ??3CBuffer@@SAXPAX@Z       004065b0 f i buffer.obj
 0001:000055f0       ??0CBuffer2@@QAE@K@Z       004065f0 f i buffer.obj
 0001:00005620       ?GetPacketSize@CBuffer2@@UAEKPAE@Z 00406620 f i buffer.obj
 0001:00005640       ?SetHeader@CBuffer2@@UAEXK@Z 00406640 f i buffer.obj
 0001:00005670       ??3CBuffer2@@SAXPAX@Z      00406670 f i buffer.obj
 0001:000056b0       ?AddTail@CBufferQueue@@QAEXPAVCBuffer@@@Z 004066b0 f i buffer.obj
 0001:00005710       ??_GCBuffer@@UAEPAXI@Z     00406710 f i buffer.obj
 0001:00005710       ??_ECBuffer@@UAEPAXI@Z     00406710 f i buffer.obj
 0001:00005790       ??0CBufferQueue@@QAE@XZ    00406790 f   buffer.obj
 0001:000057d0       ?Clear@CBufferQueue@@QAEXH@Z 004067d0 f   buffer.obj
 0001:00005850       ?allocate@?$allocator@U_Node@?$_List_nod@PAXV?$allocator@PAX@std@@@std@@@std@@QAEPAU_Node@?$_List_nod@PAXV?$allocator@PAX@std@@@2@I@Z 00406850 f i buffer.obj
 0001:00005870       ?construct@?$allocator@PAU_Node@?$_List_nod@PAXV?$allocator@PAX@std@@@std@@@std@@QAEXPAPAU_Node@?$_List_nod@PAXV?$allocator@PAX@std@@@2@ABQAU342@@Z 00406870 f i buffer.obj
 0001:00005890       ?destroy@?$allocator@PAU_Node@?$_List_nod@PAXV?$allocator@PAX@std@@@std@@@std@@QAEXPAPAU_Node@?$_List_nod@PAXV?$allocator@PAX@std@@@2@@Z 00406890 f i buffer.obj
 0001:000058a0       ?_Buynode@?$list@PAXV?$allocator@PAX@std@@@std@@IAEPAU_Node@?$_List_nod@PAXV?$allocator@PAX@std@@@2@PAU342@0ABQAX@Z 004068a0 f i buffer.obj
 0001:000058d0       ??0?$_List_nod@PAXV?$allocator@PAX@std@@@std@@IAE@V?$allocator@PAX@1@@Z 004068d0 f i buffer.obj
 0001:000058e0       ?destroy@?$allocator@U_Node@?$_List_nod@PAXV?$allocator@PAX@std@@@std@@@std@@QAEXPAU_Node@?$_List_nod@PAXV?$allocator@PAX@std@@@2@@Z 004068e0 f i buffer.obj
 0001:000058f0       ??0iterator@?$list@PAXV?$allocator@PAX@std@@@std@@QAE@PAU_Node@?$_List_nod@PAXV?$allocator@PAX@std@@@2@@Z 004068f0 f i buffer.obj
 0001:00005900       ?max_size@?$list@PAXV?$allocator@PAX@std@@@std@@QBEIXZ 00406900 f i buffer.obj
 0001:00005910       ??_ECBuffer2@@UAEPAXI@Z    00406910 f i buffer.obj
 0001:00005910       ??_GCBuffer2@@UAEPAXI@Z    00406910 f i buffer.obj
 0001:00005960       ??1CBuffer2@@UAE@XZ        00406960 f i buffer.obj
 0001:00005990       ??1CBufferQueue@@UAE@XZ    00406990 f   buffer.obj
 0001:000059f0       ?_Buynode@?$list@PAXV?$allocator@PAX@std@@@std@@IAEPAU_Node@?$_List_nod@PAXV?$allocator@PAX@std@@@2@XZ 004069f0 f i buffer.obj
 0001:00005a10       ?end@?$list@PAXV?$allocator@PAX@std@@@std@@QAE?AViterator@12@XZ 00406a10 f i buffer.obj
 0001:00005a20       ?clear@?$list@PAXV?$allocator@PAX@std@@@std@@QAEXXZ 00406a20 f i buffer.obj
 0001:00005a60       ??0?$_List_ptr@PAXV?$allocator@PAX@std@@@std@@IAE@V?$allocator@PAX@1@@Z 00406a60 f i buffer.obj
 0001:00005a70       ??_GCBufferQueue@@UAEPAXI@Z 00406a70 f i buffer.obj
 0001:00005a70       ??_ECBufferQueue@@UAEPAXI@Z 00406a70 f i buffer.obj
 0001:00005a90       ?_Tidy@?$list@PAXV?$allocator@PAX@std@@@std@@IAEXXZ 00406a90 f i buffer.obj
 0001:00005ab0       ??0?$_List_val@PAXV?$allocator@PAX@std@@@std@@IAE@V?$allocator@PAX@1@@Z 00406ab0 f i buffer.obj
 0001:00005ac0       ??0?$list@PAXV?$allocator@PAX@std@@@std@@QAE@XZ 00406ac0 f i buffer.obj
 0001:00005ae0       ??1?$list@PAXV?$allocator@PAX@std@@@std@@QAE@XZ 00406ae0 f i buffer.obj
 0001:00005b00       ?_Incsize@?$list@PAXV?$allocator@PAX@std@@@std@@IAEXI@Z 00406b00 f i buffer.obj
 0001:00005ba0       ?_Insert@?$list@PAXV?$allocator@PAX@std@@@std@@QAEXViterator@12@ABQAX@Z 00406ba0 f i buffer.obj
 0001:00005be0       ?push_back@?$list@PAXV?$allocator@PAX@std@@@std@@QAEXABQAX@Z 00406be0 f i buffer.obj
 0001:00005c20       ?Create@?$MemPooler@VCBuffer@@@@IAEXXZ 00406c20 f i buffer.obj
 0001:00005cb0       ?Create@?$MemPooler@VCBuffer2@@@@IAEXXZ 00406cb0 f i buffer.obj
 0001:00005d40       ??0?$MemPooler@VCBuffer@@@@QAE@H@Z 00406d40 f i buffer.obj
 0001:00005dc0       ?Alloc@?$MemPooler@VCBuffer@@@@QAEPAVCBuffer@@XZ 00406dc0 f i buffer.obj
 0001:00005e00       ??0?$MemPooler@VCBuffer2@@@@QAE@H@Z 00406e00 f i buffer.obj
 0001:00005e80       ?Alloc@?$MemPooler@VCBuffer2@@@@QAEPAVCBuffer2@@XZ 00406e80 f i buffer.obj
 0001:00005ec0       ??2CBuffer@@SAPAXI@Z       00406ec0 f i buffer.obj
 0001:00005f00       ??2CBuffer2@@SAPAXI@Z      00406f00 f i buffer.obj
 0001:00005f40       ?CreateBuffer@CBufferFactory@@QAEPAVCBuffer@@W4BUFFER_TYPE@@K@Z 00406f40 f   buffer.obj
 0001:00006060       ?AddData@CBufferQueue@@QAEXPAEKW4BUFFER_TYPE@@@Z 00407060 f   buffer.obj
 0001:00006210       ?GetHandle@CSock@@QAEIXZ   00407210 f i clientsock.obj
 0001:00006220       ?GetSize@CBuffer@@QAEHXZ   00407220 f i clientsock.obj
 0001:00006230       ?crc@CBufferQueue@@QAEXPAVCRC32@@PAK@Z 00407230 f i clientsock.obj
 0001:00006250       ?Close@CClientSock@@UAEXXZ 00407250 f   clientsock.obj
 0001:00006290       ?CloseConnection@CClientSock@@UAEHI@Z 00407290 f   clientsock.obj
 0001:000062a0       ?Shutdown@CClientSock@@UAEHI@Z 004072a0 f   clientsock.obj
 0001:000062b0       ?Connect@CClientSock@@QAEHPADG@Z 004072b0 f   clientsock.obj
 0001:00006370       ?Recv@CClientSock@@QAEHXZ  00407370 f   clientsock.obj
 0001:000063f0       ?GetPeerAddr@CClientSock@@UAEJKPAXPAK@Z 004073f0 f   clientsock.obj
 0001:00006470       ?CreateBuffer@CClientSock@@QAEPAVCBuffer@@XZ 00407470 f   clientsock.obj
 0001:00006490       ?SendProtocolId@CClientSock@@QAEXXZ 00407490 f   clientsock.obj
 0001:000064e0       ??0CClientSock@@QAE@K@Z    004074e0 f   clientsock.obj
 0001:000065c0       ?Get@CSock@@UAEPAV1@I@Z    004075c0 f i clientsock.obj
 0001:000065e0       ?SetProtocolId@CClientSock@@UAEXK@Z 004075e0 f i clientsock.obj
 0001:000065f0       ?GetPeerAddr@CClientSock@@UAEKK@Z 004075f0 f i clientsock.obj
 0001:00006600       ??1CClientSock@@UAE@XZ     00407600 f   clientsock.obj
 0001:000066a0       ?Send@CClientSock@@UAEXPADKK@Z 004076a0 f   clientsock.obj
 0001:000067d0       ?SendRemnant@CClientSock@@QAEHK@Z 004077d0 f   clientsock.obj
 0001:000068e0       ?Fetch@CClientSock@@QAEPAVCBuffer@@K@Z 004078e0 f   clientsock.obj
 0001:00006c30       ??_ECClientSock@@UAEPAXI@Z 00407c30 f i clientsock.obj
 0001:00006c30       ??_GCClientSock@@UAEPAXI@Z 00407c30 f i clientsock.obj
 0001:00006c60       ?Free@?$MemPooler@VCClientSock@@@@QAEHPAVCClientSock@@@Z 00407c60 f i clientsock.obj
 0001:00006cb0       ?Create@?$MemPooler@VCClientSock@@@@IAEXXZ 00407cb0 f i clientsock.obj
 0001:00006d40       ??0?$MemPooler@VCClientSock@@@@QAE@H@Z 00407d40 f i clientsock.obj
 0001:00006dc0       ??0CClientSockE@@QAE@K@Z   00407dc0 f   clientsocke.obj
 0001:00006e80       ?GetPeerAddr@CSock@@UAEKK@Z 00407e80 f i clientsocke.obj
 0001:00006e90       ?SetProtocolId@CClientSockE@@UAEXK@Z 00407e90 f i clientsocke.obj
 0001:00006ea0       ?Close@CClientSockE@@UAEXXZ 00407ea0 f   clientsocke.obj
 0001:00006f00       ?CloseConnection@CClientSockE@@UAEHI@Z 00407f00 f   clientsocke.obj
 0001:00006f10       ?Shutdown@CClientSockE@@UAEHI@Z 00407f10 f   clientsocke.obj
 0001:00006f20       ?Create@CClientSockE@@UAEHGH@Z 00407f20 f   clientsocke.obj
 0001:00006f60       ?Attach@CClientSockE@@UAEXI@Z 00407f60 f   clientsocke.obj
 0001:00006fa0       ?Connect@CClientSockE@@QAEHPADG@Z 00407fa0 f   clientsocke.obj
 0001:00007060       ?Recv@CClientSockE@@QAEHXZ 00408060 f   clientsocke.obj
 0001:00007100       ?GetPeerAddr@CClientSockE@@UAEJKPAXPAK@Z 00408100 f   clientsocke.obj
 0001:00007180       ?CreateBuffer@CClientSockE@@QAEPAVCBuffer@@XZ 00408180 f   clientsocke.obj
 0001:000071a0       ?SendProtocolId@CClientSockE@@QAEXXZ 004081a0 f   clientsocke.obj
 0001:000071e0       ??1CClientSockE@@UAE@XZ    004081e0 f   clientsocke.obj
 0001:00007240       ?Send@CClientSockE@@UAEXPADKK@Z 00408240 f   clientsocke.obj
 0001:00007340       ?SendRemnant@CClientSockE@@QAEHK@Z 00408340 f   clientsocke.obj
 0001:00007460       ?Fetch@CClientSockE@@QAEPAVCBuffer@@K@Z 00408460 f   clientsocke.obj
 0001:00007670       ??_ECClientSockE@@UAEPAXI@Z 00408670 f i clientsocke.obj
 0001:00007670       ??_GCClientSockE@@UAEPAXI@Z 00408670 f i clientsocke.obj
 0001:000076a0       ?Free@?$MemPooler@VCClientSockE@@@@QAEHPAVCClientSockE@@@Z 004086a0 f i clientsocke.obj
 0001:000076f0       ?Create@?$MemPooler@VCClientSockE@@@@IAEXXZ 004086f0 f i clientsocke.obj
 0001:00007780       ??0?$MemPooler@VCClientSockE@@@@QAE@H@Z 00408780 f i clientsocke.obj
 0001:00007800       ?GetCrcByte@CRC32@@QBEEI@Z 00408800 f i crc.obj
 0001:00007810       ?Reset@CRC32@@AAEXXZ       00408810 f i crc.obj
 0001:00007820       ??0CRC32@@QAE@XZ           00408820 f   crc.obj
 0001:00007830       ?ThrowIfInvalidTruncatedSize@CRC32@@ABEXI@Z 00408830 f   crc.obj
 0001:00007840       ?TruncatedFinal@CRC32@@QAEXPAEI@Z 00408840 f   crc.obj
 0001:00007880       ??$IsPowerOf2@I@@YA_NI@Z   00408880 f i crc.obj
 0001:000078a0       ??$ModPowerOf2@II@@YAIII@Z 004088a0 f i crc.obj
 0001:000078b0       ??$GetAlignment@I@@YAIPAI@Z 004088b0 f i crc.obj
 0001:000078c0       ?IsAlignedOn@@YA_NPBXI@Z   004088c0 f i crc.obj
 0001:000078f0       ??$IsAligned@I@@YA_NPBXPAI@Z 004088f0 f i crc.obj
 0001:00007900       ?Update@CRC32@@QAEXPBEI@Z  00408900 f   crc.obj
 0001:000079e0       ?GetRecvHandle@CDPSock@@QAEPAXXZ 004089e0 f i dpmng.obj
 0001:000079f0       ?GetHostAddr@CDPSock@@QAEJPAXPAK@Z 004089f0 f i dpmng.obj
 0001:00007a10       ?GetPlayerAddr@CDPSock@@QAEJKPAXPAK@Z 00408a10 f i dpmng.obj
 0001:00007a20       ?GetPlayerAddr@CDPSock@@QAEKK@Z 00408a20 f i dpmng.obj
 0001:00007a30       ?GetRecvHandle@CDPMng@@QAEPAXXZ 00408a30 f i dpmng.obj
 0001:00007a40       ?GetCloseHandle@CDPMng@@QAEPAXXZ 00408a40 f i dpmng.obj
 0001:00007a50       ??0CDPMng@@QAE@XZ          00408a50 f   dpmng.obj
 0001:00007a70       ??1CDPMng@@UAE@XZ          00408a70 f   dpmng.obj
 0001:00007a80       ?DeleteDPObject@CDPMng@@QAEHXZ 00408a80 f   dpmng.obj
 0001:00007af0       ?InitConnection@CDPMng@@QAEHPAXG@Z 00408af0 f   dpmng.obj
 0001:00007b10       ?GetHostAddr@CDPMng@@QAEXPAD@Z 00408b10 f   dpmng.obj
 0001:00007b40       ?GetPlayerAddr@CDPMng@@QAEXKPAD@Z 00408b40 f   dpmng.obj
 0001:00007b70       ?GetPlayerAddr@CDPMng@@QAEKK@Z 00408b70 f   dpmng.obj
 0001:00007b90       ?ReceiveMessage@CDPMng@@QAEHXZ 00408b90 f   dpmng.obj
 0001:00007c30       ?DestroyPlayer@CDPMng@@QAEHK@Z 00408c30 f   dpmng.obj
 0001:00007c50       ?ReceiveThread@@YGIPAX@Z   00408c50 f   dpmng.obj
 0001:00007cb0       ?InitializeNetLib@@YAHXZ   00408cb0 f   dpmng.obj
 0001:00007ce0       ?TestNetLib@@YAXPBDG@Z     00408ce0 f   dpmng.obj
 0001:00007d70       ??Econst_iterator@?$list@PAXV?$allocator@PAX@std@@@std@@QAEAAV012@XZ 00408d70 f i dpmng.obj
 0001:00007d80       ??8const_iterator@?$list@PAXV?$allocator@PAX@std@@@std@@QBE_NABV012@@Z 00408d80 f i dpmng.obj
 0001:00007d90       ?_Myval@?$list@PAXV?$allocator@PAX@std@@@std@@KAAAPAXPAU_Node@?$_List_nod@PAXV?$allocator@PAX@std@@@2@@Z 00408d90 f i dpmng.obj
 0001:00007da0       ?chWindows9x@@YAHXZ        00408da0 f i dpmng.obj
 0001:00007de0       ??_ECDPMng@@UAEPAXI@Z      00408de0 f i dpmng.obj
 0001:00007de0       ??_GCDPMng@@UAEPAXI@Z      00408de0 f i dpmng.obj
 0001:00007e00       ?CreateDPObject@CDPMng@@QAEHH@Z 00408e00 f   dpmng.obj
 0001:00007ec0       ?CreateSession@CDPMng@@QAEHPBDK@Z 00408ec0 f   dpmng.obj
 0001:00007f40       ?JoinSession@CDPMng@@QAEHPBDKK@Z 00408f40 f   dpmng.obj
 0001:00007fc0       ??Eiterator@?$list@PAXV?$allocator@PAX@std@@@std@@QAEAAV012@XZ 00408fc0 f i dpmng.obj
 0001:00007fd0       ??9const_iterator@?$list@PAXV?$allocator@PAX@std@@@std@@QBE_NABV012@@Z 00408fd0 f i dpmng.obj
 0001:00007ff0       ??Dconst_iterator@?$list@PAXV?$allocator@PAX@std@@@std@@QBEABQAXXZ 00408ff0 f i dpmng.obj
 0001:00008000       ?begin@?$list@PAXV?$allocator@PAX@std@@@std@@QAE?AViterator@12@XZ 00409000 f i dpmng.obj
 0001:00008010       ??Diterator@?$list@PAXV?$allocator@PAX@std@@@std@@QBEAAPAXXZ 00409010 f i dpmng.obj
 0001:00008020       ?Destroy@?$MemPooler@VCBuffer@@@@IAEXXZ 00409020 f i dpmng.obj
 0001:00008090       ?Destroy@?$MemPooler@VCBuffer2@@@@IAEXXZ 00409090 f i dpmng.obj
 0001:00008100       ?Destroy@?$MemPooler@VCClientSock@@@@IAEXXZ 00409100 f i dpmng.obj
 0001:00008170       ?Destroy@?$MemPooler@VCClientSockE@@@@IAEXXZ 00409170 f i dpmng.obj
 0001:000081e0       ??1?$MemPooler@VCBuffer@@@@QAE@XZ 004091e0 f i dpmng.obj
 0001:00008210       ??1?$MemPooler@VCBuffer2@@@@QAE@XZ 00409210 f i dpmng.obj
 0001:00008240       ??1?$MemPooler@VCClientSock@@@@QAE@XZ 00409240 f i dpmng.obj
 0001:00008270       ??1?$MemPooler@VCClientSockE@@@@QAE@XZ 00409270 f i dpmng.obj
 0001:000082a0       ??_G?$MemPooler@VCClientSock@@@@QAEPAXI@Z 004092a0 f i dpmng.obj
 0001:000082c0       ??_G?$MemPooler@VCClientSockE@@@@QAEPAXI@Z 004092c0 f i dpmng.obj
 0001:000082e0       ??_G?$MemPooler@VCBuffer@@@@QAEPAXI@Z 004092e0 f i dpmng.obj
 0001:00008300       ??_G?$MemPooler@VCBuffer2@@@@QAEPAXI@Z 00409300 f i dpmng.obj
 0001:00008320       ?UninitializeNetLib@@YAXXZ 00409320 f   dpmng.obj
 0001:000083e0       ?SetID@CSock@@QAEXK@Z      004093e0 f i dpsock.obj
 0001:000083f0       ?GetID@CSock@@QAEKXZ       004093f0 f i dpsock.obj
 0001:00008400       ?SetPeerID@CSock@@QAEXK@Z  00409400 f i dpsock.obj
 0001:00008410       ?IsCrcWrite@CClientSock@@QAEHXZ 00409410 f i dpsock.obj
 0001:00008420       ?IsCrcWrite@CClientSockE@@QAEHXZ 00409420 f i dpsock.obj
 0001:00008430       ?GetRecvEvent@CClientSockE@@QAEPAXXZ 00409430 f i dpsock.obj
 0001:00008440       ?GetSendEvent@CClientSockE@@QAEPAXXZ 00409440 f i dpsock.obj
 0001:00008450       ?GetServerSock@CDPSock@@QAEPAVCSock@@XZ 00409450 f i dpsock.obj
 0001:00008470       ?GetCompletionPort@CDPSock@@QAEPAXH@Z 00409470 f i dpsock.obj
 0001:00008480       ?GetCloseHandle@CDPSock@@QAEPAXXZ 00409480 f i dpsock.obj
 0001:00008490       ?GetIoWorkerCount@CDPSock@@QAEHXZ 00409490 f i dpsock.obj
 0001:000084a0       ?GetSockThreaded@CDPSock@@QAEPAVCSock@@XZ 004094a0 f i dpsock.obj
 0001:000084b0       ?Get@CDPSock@@QAEPAVCClientSock@@I@Z 004094b0 f i dpsock.obj
 0001:000084d0       ?InitializeConnection@CDPSock@@QAEHPAXK@Z 004094d0 f   dpsock.obj
 0001:00008510       ?Send@CDPSock@@QAEHPADKK@Z 00409510 f   dpsock.obj
 0001:00008540       ?Shutdown@CDPSock@@QAEHK@Z 00409540 f   dpsock.obj
 0001:00008560       ?SetProtocolId@CDPSock@@QAEXK@Z 00409560 f   dpsock.obj
 0001:00008590       ?size@?$list@PAXV?$allocator@PAX@std@@@std@@QBEIXZ 00409590 f i dpsock.obj
 0001:000085a0       ??0CSystemInfo@@QAE@XZ     004095a0 f i dpsock.obj
 0001:000085b0       ??3CClientSock@@SAXPAX@Z   004095b0 f i dpsock.obj
[...]
 0001:0004badc       __ehhandler$??0CPaintDC@@QAE@PAVCWnd@@@Z 0044cadc f   nafxcw:wingdi.obj
 0001:0004bae6       $L186295                   0044cae6 f   nafxcw:wingdi.obj
 0001:0004baee       __ehhandler$??1CPaintDC@@UAE@XZ 0044caee f   nafxcw:wingdi.obj
 0001:0004baf8       $L186308                   0044caf8 f   nafxcw:wingdi.obj
 0001:0004bb02       __ehhandler$?afxMapHGDIOBJ@@YGPAVCHandleMap@@H@Z 0044cb02 f   nafxcw:wingdi.obj
 0001:0004bb0c       $L186521                   0044cb0c f   nafxcw:wingdi.obj
 0001:0004bb14       __ehhandler$??0CPen@@QAE@HHK@Z 0044cb14 f   nafxcw:wingdi.obj
 0001:0004bb1e       $L186535                   0044cb1e f   nafxcw:wingdi.obj
 0001:0004bb26       __ehhandler$??0CPen@@QAE@HHPBUtagLOGBRUSH@@HPBK@Z 0044cb26 f   nafxcw:wingdi.obj
 0001:0004bb30       $L186549                   0044cb30 f   nafxcw:wingdi.obj
 0001:0004bb38       __ehhandler$??0CBrush@@QAE@K@Z 0044cb38 f   nafxcw:wingdi.obj
 0001:0004bb42       $L186563                   0044cb42 f   nafxcw:wingdi.obj
 0001:0004bb4a       __ehhandler$??0CBrush@@QAE@HK@Z 0044cb4a f   nafxcw:wingdi.obj
 0001:0004bb54       $L186577                   0044cb54 f   nafxcw:wingdi.obj
 0001:0004bb5c       __ehhandler$??0CBrush@@QAE@PAVCBitmap@@@Z 0044cb5c f   nafxcw:wingdi.obj
 0001:0004bb66       $L186637                   0044cb66 f   nafxcw:wingdi.obj
 0001:0004bb6e       $L186638                   0044cb6e f   nafxcw:wingdi.obj
 0001:0004bb76       $L186639                   0044cb76 f   nafxcw:wingdi.obj
 0001:0004bb7e       $L186640                   0044cb7e f   nafxcw:wingdi.obj
 0001:0004bb86       $L186641                   0044cb86 f   nafxcw:wingdi.obj
 0001:0004bb8e       __ehhandler$?AfxGetGrayBitmap@@YGXABVCBitmap@@PAV1@K@Z 0044cb8e f   nafxcw:wingdi.obj
 0001:0004bb98       $L186935                   0044cb98 f   nafxcw:wingdi.obj
 0001:0004bba0       $L186936                   0044cba0 f   nafxcw:wingdi.obj
 0001:0004bba8       $L186937                   0044cba8 f   nafxcw:wingdi.obj
 0001:0004bbb0       $L186938                   0044cbb0 f   nafxcw:wingdi.obj
 0001:0004bbb8       $L186939                   0044cbb8 f   nafxcw:wingdi.obj
 0001:0004bbc0       __ehhandler$?AfxDrawGrayBitmap@@YGXPAVCDC@@HHABVCBitmap@@K@Z 0044cbc0 f   nafxcw:wingdi.obj
 0001:0004bbca       $L187144                   0044cbca f   nafxcw:wingdi.obj
 0001:0004bbd2       $L187145                   0044cbd2 f   nafxcw:wingdi.obj
 0001:0004bbda       $L187146                   0044cbda f   nafxcw:wingdi.obj
 0001:0004bbe2       $L187147                   0044cbe2 f   nafxcw:wingdi.obj
 0001:0004bbea       $L187148                   0044cbea f   nafxcw:wingdi.obj
 0001:0004bbf2       __ehhandler$?AfxGetDitheredBitmap@@YGXABVCBitmap@@PAV1@KK@Z 0044cbf2 f   nafxcw:wingdi.obj
 0001:0004bbfc       $L187493                   0044cbfc f   nafxcw:wingdi.obj
 0001:0004bc04       $L187494                   0044cc04 f   nafxcw:wingdi.obj
 0001:0004bc0c       $L187495                   0044cc0c f   nafxcw:wingdi.obj
 0001:0004bc14       $L187496                   0044cc14 f   nafxcw:wingdi.obj
 0001:0004bc1c       __ehhandler$?AfxDrawDitheredBitmap@@YGXPAVCDC@@HHABVCBitmap@@KK@Z 0044cc1c f   nafxcw:wingdi.obj
 0001:0004bc26       __ehhandler$?Alloc@CFixedAlloc@@QAEPAXXZ 0044cc26 f   nafxcw:fixalloc.obj
 0001:0004bc30       $L184789                   0044cc30 f   nafxcw:winmenu.obj
 0001:0004bc3a       __ehhandler$?afxMapHMENU@@YGPAVCHandleMap@@H@Z 0044cc3a f   nafxcw:winmenu.obj
 0001:0004bc44       $L184895                   0044cc44 f   nafxcw:winmenu.obj
 0001:0004bc4f       $L184896                   0044cc4f f   nafxcw:winmenu.obj
 0001:0004bc5d       __ehhandler$??0CChevronOwnerDrawMenu@@QAE@XZ 0044cc5d f   nafxcw:winmenu.obj
 0001:0004bc67       $L184944                   0044cc67 f   nafxcw:winmenu.obj
 0001:0004bc6f       __ehhandler$??1CChevronOwnerDrawMenu@@UAE@XZ 0044cc6f f   nafxcw:winmenu.obj
 0001:0004bc79       $L184982                   0044cc79 f   nafxcw:winmenu.obj
 0001:0004bc81       $L184983                   0044cc81 f   nafxcw:winmenu.obj
 0001:0004bc89       $L184984                   0044cc89 f   nafxcw:winmenu.obj
 0001:0004bc91       __ehhandler$?DrawItem@CChevronOwnerDrawMenu@@UAEXPAUtagDRAWITEMSTRUCT@@@Z 0044cc91 f   nafxcw:winmenu.obj
 0001:0004bc9b       $L185257                   0044cc9b f   nafxcw:winmenu.obj
 0001:0004bca3       $L185258                   0044cca3 f   nafxcw:winmenu.obj
 0001:0004bcab       __ehhandler$?MeasureItem@CChevronOwnerDrawMenu@@UAEXPAUtagMEASUREITEMSTRUCT@@@Z 0044ccab f   nafxcw:winmenu.obj
 0001:0004bcb5       $L184835                   0044ccb5 f   nafxcw:appcore.obj
 0001:0004bcbf       __ehhandler$?LoadStdProfileSettings@CWinApp@@IAEXI@Z 0044ccbf f   nafxcw:appcore.obj
 0001:0004bcc9       $L184879                   0044ccc9 f   nafxcw:appcore.obj
 0001:0004bcd1       __ehhandler$??1CWinApp@@UAE@XZ 0044ccd1 f   nafxcw:appcore.obj
 0001:0004bcdb       $L185248                   0044ccdb f   nafxcw:appcore.obj
 0001:0004bce3       __ehhandler$??0CWinApp@@QAE@PBD@Z 0044cce3 f   nafxcw:appcore.obj
 0001:0004bced       $L184461                   0044cced f   nafxcw:wingdix.obj
 0001:0004bcf5       $L184462                   0044ccf5 f   nafxcw:wingdix.obj
 0001:0004bcfd       $L184463                   0044ccfd f   nafxcw:wingdix.obj
 0001:0004bd05       $L184464                   0044cd05 f   nafxcw:wingdix.obj
 0001:0004bd0d       $L184465                   0044cd0d f   nafxcw:wingdix.obj
 0001:0004bd15       __ehhandler$?DrawDragRect@CDC@@QAEXPBUtagRECT@@UtagSIZE@@01PAVCBrush@@2@Z 0044cd15 f   nafxcw:wingdix.obj
 0001:0004bd1f       $L184822                   0044cd1f f   nafxcw:appui3.obj
 0001:0004bd27       __ehhandler$?GetProfileStringA@CWinApp@@QAE?AV?$CStringT@DV?$StrTraitMFC@DV?$ChTraitsCRT@D@ATL@@@@@ATL@@PBD00@Z 0044cd27 f   nafxcw:appui3.obj
 0001:0004bd31       $L184915                   0044cd31 f   nafxcw:appui3.obj
 0001:0004bd39       __ehhandler$?GetProfileBinary@CWinApp@@QAEHPBD0PAPAEPAI@Z 0044cd39 f   nafxcw:appui3.obj
 0001:0004bd43       $L185022                   0044cd43 f   nafxcw:filelist.obj
 0001:0004bd4b       __ehhandler$??HATL@@YA?AV?$CStringT@DV?$StrTraitMFC@DV?$ChTraitsCRT@D@ATL@@@@@0@ABV10@0@Z 0044cd4b f   nafxcw:filelist.obj
 0001:0004bd55       $L185142                   0044cd55 f   nafxcw:filelist.obj
 0001:0004bd5d       __ehhandler$?ReadList@CRecentFileList@@UAEXXZ 0044cd5d f   nafxcw:filelist.obj
 0001:0004bd67       $L185205                   0044cd67 f   nafxcw:filelist.obj
 0001:0004bd72       $L185206                   0044cd72 f   nafxcw:filelist.obj
 0001:0004bd7d       $L185207                   0044cd7d f   nafxcw:filelist.obj
 0001:0004bd88       __ehhandler$??0CRecentFileList@@QAE@IPBD0HH@Z 0044cd88 f   nafxcw:filelist.obj
 0001:0004bd92       $L185287                   0044cd92 f   nafxcw:filelist.obj
 0001:0004bd9d       $L185288                   0044cd9d f   nafxcw:filelist.obj
 0001:0004bda8       $L185289                   0044cda8 f   nafxcw:filelist.obj
 0001:0004bdb3       __ehhandler$?UpdateMenu@CRecentFileList@@UAEXPAVCCmdUI@@@Z 0044cdb3 f   nafxcw:filelist.obj
 0001:0004bdbd       $L184537                   0044cdbd f   nafxcw:appui2.obj
 0001:0004bdc6       $L184536                   0044cdc6 f   nafxcw:appui2.obj
 0001:0004bdcf       __ehhandler$?ProcessShellCommand@CWinApp@@QAEHAAVCCommandLineInfo@@@Z 0044cdcf f   nafxcw:appui2.obj
 0001:0004bdd9       $L184581                   0044cdd9 f   nafxcw:appui2.obj
 0001:0004bde2       __ehhandler$?AddDocTemplate@CWinApp@@QAEXPAVCDocTemplate@@@Z 0044cde2 f   nafxcw:appui2.obj
 0001:0004bdec       $L184856                   0044cdec f   nafxcw:appui2.obj
 0001:0004bdf4       __ehhandler$??HATL@@YA?AV?$CStringT@DV?$StrTraitMFC@DV?$ChTraitsCRT@D@ATL@@@@@0@ABV10@PBD@Z 0044cdf4 f   nafxcw:appui2.obj
 0001:0004bdfe       $L184993                   0044cdfe f   nafxcw:appui2.obj
 0001:0004be09       __ehhandler$?AfxDelRegTreeHelper@@YGJPAUHKEY__@@ABV?$CStringT@DV?$StrTraitMFC@DV?$ChTraitsCRT@D@ATL@@@@@ATL@@@Z 0044ce09 f   nafxcw:appui2.obj
 0001:0004be13       $L185032                   0044ce13 f   nafxcw:appui2.obj
 0001:0004be1b       $L185033                   0044ce1b f   nafxcw:appui2.obj
 0001:0004be23       __ehhandler$?EnableShellOpen@CWinApp@@IAEXXZ 0044ce23 f   nafxcw:appui2.obj
 0001:0004be2d       $L185124                   0044ce2d f   nafxcw:appui2.obj
 0001:0004be38       $L185125                   0044ce38 f   nafxcw:appui2.obj
 0001:0004be43       $L185126                   0044ce43 f   nafxcw:appui2.obj
 0001:0004be4e       __ehhandler$?Unregister@CWinApp@@UAEHXZ 0044ce4e f   nafxcw:appui2.obj
 0001:0004be58       $L185117                   0044ce58 f   nafxcw:filecore.obj
 0001:0004be63       __ehhandler$??1CFile@@UAE@XZ 0044ce63 f   nafxcw:filecore.obj
 0001:0004be6d       $L185286                   0044ce6d f   nafxcw:filecore.obj
 0001:0004be75       __ehhandler$?AfxFullPath@@YGHPADPBD@Z 0044ce75 f   nafxcw:filecore.obj
 0001:0004be7f       $L185452                   0044ce7f f   nafxcw:filecore.obj
 0001:0004be8a       __ehhandler$??0CFileException@@QAE@HJPBD@Z 0044ce8a f   nafxcw:filecore.obj
 0001:0004be94       $L185504                   0044ce94 f   nafxcw:filecore.obj
 0001:0004be9f       $L185505                   0044ce9f f   nafxcw:filecore.obj
 0001:0004bea7       __ehhandler$??0CFile@@QAE@PBDI@Z 0044cea7 f   nafxcw:filecore.obj
 0001:0004beb1       $L185569                   0044ceb1 f   nafxcw:filecore.obj
 0001:0004beb9       $L185570                   0044ceb9 f   nafxcw:filecore.obj
 0001:0004bec1       __ehhandler$?GetClassObject@AFX_COM@@QAEJABU_GUID@@0PAPAX@Z 0044cec1 f   nafxcw:filecore.obj
 0001:0004becb       $L184729                   0044cecb f   nafxcw:filex.obj
 0001:0004bed3       $L184730                   0044ced3 f   nafxcw:filex.obj
 0001:0004bedb       __ehhandler$?GetErrorMessage@CFileException@@UAEHPADIPAI@Z 0044cedb f   nafxcw:filex.obj
 0001:0004bee5       $L184907                   0044cee5 f   nafxcw:filex.obj
 0001:0004beee       __ehhandler$?AfxThrowFileException@@YGXHJPBD@Z 0044ceee f   nafxcw:filex.obj
 0001:0004bef8       $L185372                   0044cef8 f   nafxcw:docmgr.obj
 0001:0004bf03       __ehhandler$?OnFileNew@CDocManager@@UAEXXZ 0044cf03 f   nafxcw:docmgr.obj
 0001:0004bf0d       $L185443                   0044cf0d f   nafxcw:docmgr.obj
 0001:0004bf18       __ehhandler$??1CDocManager@@UAE@XZ 0044cf18 f   nafxcw:docmgr.obj
 0001:0004bf22       $L185776                   0044cf22 f   nafxcw:docmgr.obj
 0001:0004bf2a       __ehhandler$?OnInitDialog@CNewTypeDlg@@MAEHXZ 0044cf2a f   nafxcw:docmgr.obj
 0001:0004bf34       $L185889                   0044cf34 f   nafxcw:docmgr.obj
 0001:0004bf3c       __ehhandler$?OnFileOpen@CDocManager@@UAEXXZ 0044cf3c f   nafxcw:docmgr.obj
 0001:0004bf46       $L186398                   0044cf46 f   nafxcw:docmgr.obj
 0001:0004bf4e       $L186399                   0044cf4e f   nafxcw:docmgr.obj
 0001:0004bf56       $L186400                   0044cf56 f   nafxcw:docmgr.obj
 0001:0004bf5e       $L186401                   0044cf5e f   nafxcw:docmgr.obj
 0001:0004bf66       $L186402                   0044cf66 f   nafxcw:docmgr.obj
 0001:0004bf6e       __ehhandler$?UnregisterShellFileTypes@CDocManager@@QAEXXZ 0044cf6e f   nafxcw:docmgr.obj
 0001:0004bf78       $L186806                   0044cf78 f   nafxcw:docmgr.obj
 0001:0004bf80       $L186807                   0044cf80 f   nafxcw:docmgr.obj
 0001:0004bf88       $L186808                   0044cf88 f   nafxcw:docmgr.obj
 0001:0004bf90       $L186809                   0044cf90 f   nafxcw:docmgr.obj
 0001:0004bf98       __ehhandler$?_AfxAppendFilterSuffix@@YGXAAV?$CStringT@DV?$StrTraitMFC@DV?$ChTraitsCRT@D@ATL@@@@@ATL@@AAUtagOFNA@@PAVCDocTemplate@@PAV12@@Z 0044cf98 f   nafxcw:docmgr.obj
 0001:0004bfa2       $L187073                   0044cfa2 f   nafxcw:docmgr.obj
 0001:0004bfaa       $L187074                   0044cfaa f   nafxcw:docmgr.obj
 0001:0004bfb2       $L187075                   0044cfb2 f   nafxcw:docmgr.obj
 0001:0004bfba       $L187076                   0044cfba f   nafxcw:docmgr.obj
 0001:0004bfc2       $L187077                   0044cfc2 f   nafxcw:docmgr.obj
 0001:0004bfca       $L187078                   0044cfca f   nafxcw:docmgr.obj
 0001:0004bfd2       $L187079                   0044cfd2 f   nafxcw:docmgr.obj
 0001:0004bfda       $L187080                   0044cfda f   nafxcw:docmgr.obj
 0001:0004bfe2       $L187081                   0044cfe2 f   nafxcw:docmgr.obj
 0001:0004bfea       $L187082                   0044cfea f   nafxcw:docmgr.obj
 0001:0004bff2       __ehhandler$?RegisterShellFileTypes@CDocManager@@UAEXH@Z 0044cff2 f   nafxcw:docmgr.obj
 0001:0004bffc       $L188817                   0044cffc f   nafxcw:docmgr.obj
 0001:0004c007       $L188818                   0044d007 f   nafxcw:docmgr.obj
 0001:0004c012       $L188819                   0044d012 f   nafxcw:docmgr.obj
 0001:0004c01a       $L188820                   0044d01a f   nafxcw:docmgr.obj
 0001:0004c022       $L188821                   0044d022 f   nafxcw:docmgr.obj
 0001:0004c02a       __ehhandler$?DoPromptFileName@CDocManager@@UAEHAAV?$CStringT@DV?$StrTraitMFC@DV?$ChTraitsCRT@D@ATL@@@@@ATL@@IKHPAVCDocTemplate@@@Z 0044d02a f   nafxcw:docmgr.obj
 0001:0004c034       $L189142                   0044d034 f   nafxcw:docmgr.obj
 0001:0004c03c       $L189143                   0044d03c f   nafxcw:docmgr.obj
 0001:0004c044       $L189145                   0044d044 f   nafxcw:docmgr.obj
 0001:0004c04c       $L189147                   0044d04c f   nafxcw:docmgr.obj
 0001:0004c054       $L189149                   0044d054 f   nafxcw:docmgr.obj
 0001:0004c05c       $L189150                   0044d05c f   nafxcw:docmgr.obj
 0001:0004c064       $L189151                   0044d064 f   nafxcw:docmgr.obj
 0001:0004c06c       $L189153                   0044d06c f   nafxcw:docmgr.obj
 0001:0004c074       $L189154                   0044d074 f   nafxcw:docmgr.obj
 0001:0004c07c       $L189155                   0044d07c f   nafxcw:docmgr.obj
 0001:0004c084       $L189157                   0044d084 f   nafxcw:docmgr.obj
 0001:0004c08c       $L189158                   0044d08c f   nafxcw:docmgr.obj
 0001:0004c094       $L189159                   0044d094 f   nafxcw:docmgr.obj
 0001:0004c09c       $L189161                   0044d09c f   nafxcw:docmgr.obj
 0001:0004c0a4       $L189162                   0044d0a4 f   nafxcw:docmgr.obj
 0001:0004c0ac       $L189163                   0044d0ac f   nafxcw:docmgr.obj
 0001:0004c0b4       __ehhandler$?OnDDECommand@CDocManager@@UAEHPAD@Z 0044d0b4 f   nafxcw:docmgr.obj
 0001:0004c0be       $L185318                   0044d0be f   nafxcw:filest.obj
 0001:0004c0c9       __ehhandler$?GetFileName@CFile@@UBE?AV?$CStringT@DV?$StrTraitMFC@DV?$ChTraitsCRT@D@ATL@@@@@ATL@@XZ 0044d0c9 f   nafxcw:filest.obj
 0001:0004c0d3       $L185413                   0044d0d3 f   nafxcw:filest.obj
 0001:0004c0de       __ehhandler$?GetFileTitle@CFile@@UBE?AV?$CStringT@DV?$StrTraitMFC@DV?$ChTraitsCRT@D@ATL@@@@@ATL@@XZ 0044d0de f   nafxcw:filest.obj
 0001:0004c0e8       $L193389                   0044d0e8 f   nafxcw:dlgcore.obj
 0001:0004c0f0       __ehhandler$??1CDialog@@UAE@XZ 0044d0f0 f   nafxcw:dlgcore.obj
 0001:0004c0fa       $L193404                   0044d0fa f   nafxcw:dlgcore.obj
 0001:0004c102       __ehhandler$?OnPaint@CDialog@@IAEXXZ 0044d102 f   nafxcw:dlgcore.obj
 0001:0004c10c       $L193686                   0044d10c f   nafxcw:dlgcore.obj
 0001:0004c114       $L193687                   0044d114 f   nafxcw:dlgcore.obj
 0001:0004c11c       __ehhandler$?CreateDlgIndirect@CWnd@@IAEHPBUDLGTEMPLATE@@PAV1@PAUHINSTANCE__@@@Z 0044d11c f   nafxcw:dlgcore.obj
 0001:0004c126       __ehhandler$?DoModal@CDialog@@UAEHXZ 0044d126 f   nafxcw:dlgcore.obj
 0001:0004c130       $L185166                   0044d130 f   nafxcw:dlgfile.obj
 0001:0004c138       __ehhandler$?GetFolderPath@CFileDialog@@QBE?AV?$CStringT@DV?$StrTraitMFC@DV?$ChTraitsCRT@D@ATL@@@@@ATL@@XZ 0044d138 f   nafxcw:dlgfile.obj
 0001:0004c142       $L185405                   0044d142 f   nafxcw:dlgfile.obj
 0001:0004c14a       __ehhandler$??HATL@@YA?AV?$CStringT@DV?$StrTraitMFC@DV?$ChTraitsCRT@D@ATL@@@@@0@ABV10@D@Z 0044d14a f   nafxcw:dlgfile.obj
 0001:0004c154       $L185499                   0044d154 f   nafxcw:dlgfile.obj
 0001:0004c15f       $L185500                   0044d15f f   nafxcw:dlgfile.obj
 0001:0004c16d       __ehhandler$??0CFileDialog@@QAE@HPBD0K0PAVCWnd@@K@Z 0044d16d f   nafxcw:dlgfile.obj
 0001:0004c177       $L185611                   0044d177 f   nafxcw:dlgfile.obj
 0001:0004c17f       __ehhandler$?GetPathName@CFileDialog@@QBE?AV?$CStringT@DV?$StrTraitMFC@DV?$ChTraitsCRT@D@ATL@@@@@ATL@@XZ 0044d17f f   nafxcw:dlgfile.obj
 0001:0004c189       $L185740                   0044d189 f   nafxcw:dlgfile.obj
 0001:0004c191       __ehhandler$?GetFileName@CFileDialog@@QBE?AV?$CStringT@DV?$StrTraitMFC@DV?$ChTraitsCRT@D@ATL@@@@@ATL@@XZ 0044d191 f   nafxcw:dlgfile.obj
 0001:0004c19b       $L185842                   0044d19b f   nafxcw:dlgfile.obj
 0001:0004c1a3       __ehhandler$?GetFileExt@CFileDialog@@QBE?AV?$CStringT@DV?$StrTraitMFC@DV?$ChTraitsCRT@D@ATL@@@@@ATL@@XZ 0044d1a3 f   nafxcw:dlgfile.obj
 0001:0004c1ad       $L185958                   0044d1ad f   nafxcw:dlgfile.obj
 0001:0004c1b5       __ehhandler$?GetFileTitle@CFileDialog@@QBE?AV?$CStringT@DV?$StrTraitMFC@DV?$ChTraitsCRT@D@ATL@@@@@ATL@@XZ 0044d1b5 f   nafxcw:dlgfile.obj
 0001:0004c1bf       $L185997                   0044d1bf f   nafxcw:dlgfile.obj
 0001:0004c1c7       $L185998                   0044d1c7 f   nafxcw:dlgfile.obj
 0001:0004c1cf       $L185999                   0044d1cf f   nafxcw:dlgfile.obj
 0001:0004c1d7       $L186000                   0044d1d7 f   nafxcw:dlgfile.obj
 0001:0004c1df       $L186001                   0044d1df f   nafxcw:dlgfile.obj
 0001:0004c1e7       __ehhandler$?GetNextPathName@CFileDialog@@QBE?AV?$CStringT@DV?$StrTraitMFC@DV?$ChTraitsCRT@D@ATL@@@@@ATL@@AAPAU__POSITION@@@Z 0044d1e7 f   nafxcw:dlgfile.obj
 0001:0004c1f1       $L184714                   0044d1f1 f   nafxcw:dlgtempl.obj
 0001:0004c1f9       __ehhandler$?GetSizeInPixels@CDialogTemplate@@QBEXPAUtagSIZE@@@Z 0044d1f9 f   nafxcw:dlgtempl.obj
 0001:0004c203       $L11664                    0044d203 f   libcpmt:string.obj
 0001:0004c20b       __ehhandler$?_Xran@_String_base@std@@QBEXXZ 0044d20b f   libcpmt:string.obj
 0001:0004c215       $L11871                    0044d215 f   libcpmt:string.obj
 0001:0004c21d       __ehhandler$?_Xlen@_String_base@std@@QBEXXZ 0044d21d f   libcpmt:string.obj
 0001:0004c230       _$E1                       0044d230 f   buffer.obj
 0001:0004c2a0       _$E3                       0044d2a0 f   buffer.obj
 0001:0004c310       _$E5                       0044d310 f   buffer.obj
 0001:0004c370       _$E1                       0044d370 f   clientsock.obj
 0001:0004c3e0       _$E1                       0044d3e0 f   clientsocke.obj
 0001:0004c450       _$E1                       0044d450 f   ar.obj
 0001:0004c4b0       _$E2                       0044d4b0 f   mytrace.obj
 0001:0004c4c6       _$E1                       0044d4c6 f   nafxcw:objcore.obj
 0001:0004c4dc       _$E5                       0044d4dc f   atls:atlbase.obj
 0001:0004c4f2       _$E1                       0044d4f2 f   atls:atlbase.obj
 0001:0004c510       _$E2                       0044d510 f   DbManager.obj
 0001:0004c520       _$E2                       0044d520 f   DPCollectionSrvr.obj
 0001:0004c530       _$E3                       0044d530 f   mytrace.obj
 0001:0004c53a       _$E2                       0044d53a f   nafxcw:objcore.obj
 0001:0004c544       _$E6                       0044d544 f   atls:atlbase.obj
 0001:0004c54e       _$E2                       0044d54e f   atls:atlbase.obj
